Release 14.7 - xst P.20131013 (nt)
Copyright (c) 1995-2013 Xilinx, Inc.  All rights reserved.
--> Parameter TMPDIR set to xst/projnav.tmp


Total REAL time to Xst completion: 1.00 secs
Total CPU time to Xst completion: 0.05 secs
 
--> Parameter xsthdpdir set to xst


Total REAL time to Xst completion: 1.00 secs
Total CPU time to Xst completion: 0.05 secs
 
--> Reading design: corefft.prj

TABLE OF CONTENTS
  1) Synthesis Options Summary
  2) HDL Parsing
  3) HDL Elaboration
  4) HDL Synthesis
       4.1) HDL Synthesis Report
  5) Advanced HDL Synthesis
       5.1) Advanced HDL Synthesis Report
  6) Low Level Synthesis
  7) Partition Report
  8) Design Summary
       8.1) Primitive and Black Box Usage
       8.2) Device utilization summary
       8.3) Partition Resource Summary
       8.4) Timing Report
            8.4.1) Clock Information
            8.4.2) Asynchronous Control Signals Information
            8.4.3) Timing Summary
            8.4.4) Timing Details
            8.4.5) Cross Clock Domains Report


=========================================================================
*                      Synthesis Options Summary                        *
=========================================================================
---- Source Parameters
Input File Name                    : "corefft.prj"
Ignore Synthesis Constraint File   : NO

---- Target Parameters
Output File Name                   : "corefft"
Output Format                      : NGC
Target Device                      : xc6slx9-2-ftg256

---- Source Options
Top Module Name                    : corefft
Automatic FSM Extraction           : YES
FSM Encoding Algorithm             : Auto
Safe Implementation                : No
FSM Style                          : LUT
RAM Extraction                     : Yes
RAM Style                          : Auto
ROM Extraction                     : Yes
Shift Register Extraction          : YES
ROM Style                          : Auto
Resource Sharing                   : YES
Asynchronous To Synchronous        : NO
Shift Register Minimum Size        : 2
Use DSP Block                      : Auto
Automatic Register Balancing       : No

---- Target Options
LUT Combining                      : Auto
Reduce Control Sets                : Auto
Add IO Buffers                     : YES
Global Maximum Fanout              : 100000
Add Generic Clock Buffer(BUFG)     : 16
Register Duplication               : YES
Optimize Instantiated Primitives   : NO
Use Clock Enable                   : Auto
Use Synchronous Set                : Auto
Use Synchronous Reset              : Auto
Pack IO Registers into IOBs        : Auto
Equivalent register Removal        : YES

---- General Options
Optimization Goal                  : Speed
Optimization Effort                : 1
Power Reduction                    : NO
Keep Hierarchy                     : No
Netlist Hierarchy                  : As_Optimized
RTL Output                         : Yes
Global Optimization                : AllClockNets
Read Cores                         : YES
Write Timing Constraints           : NO
Cross Clock Analysis               : NO
Hierarchy Separator                : /
Bus Delimiter                      : <>
Case Specifier                     : Maintain
Slice Utilization Ratio            : 100
BRAM Utilization Ratio             : 100
DSP48 Utilization Ratio            : 100
Auto BRAM Packing                  : NO
Slice Utilization Ratio Delta      : 5

---- Other Options
Cores Search Directories           : {"ipcore_dir"  }

=========================================================================


=========================================================================
*                          HDL Parsing                                  *
=========================================================================
Analyzing Verilog file "D:\ZJU\VERILOG\B2FFT\ipcore_dir\rom_re.v" into library work
Parsing module <rom_re>.
Analyzing Verilog file "D:\ZJU\VERILOG\B2FFT\ipcore_dir\rom_im.v" into library work
Parsing module <rom_im>.
Analyzing Verilog file "D:\ZJU\VERILOG\B2FFT\ipcore_dir\fifo.v" into library work
Parsing module <fifo>.
Analyzing Verilog file "D:\ZJU\VERILOG\B2FFT\ipcore_dir\compmul.v" into library work
Parsing module <compmul>.
Analyzing Verilog file "D:\ZJU\VERILOG\B2FFT\wnrom.v" into library work
Parsing module <wnrom>.
Analyzing Verilog file "D:\ZJU\VERILOG\B2FFT\midfifo.v" into library work
Parsing module <midfifo>.
Analyzing Verilog file "D:\ZJU\VERILOG\B2FFT\ipcore_dir\outram.v" into library work
Parsing module <outram>.
Analyzing Verilog file "D:\ZJU\VERILOG\B2FFT\complexmul.v" into library work
Parsing module <complexmul>.
Analyzing Verilog file "D:\ZJU\VERILOG\B2FFT\butterfly.v" into library work
Parsing module <butterfly>.
Analyzing Verilog file "D:\ZJU\VERILOG\B2FFT\reage.v" into library work
Parsing module <reage>.
Analyzing Verilog file "D:\ZJU\VERILOG\B2FFT\fftstg_fn.v" into library work
Parsing module <fftstg_fn>.
Analyzing Verilog file "D:\ZJU\VERILOG\B2FFT\fftstg.v" into library work
Parsing module <fftstg>.
Analyzing Verilog file "D:\ZJU\VERILOG\B2FFT\corefft.v" into library work
Parsing module <corefft>.

=========================================================================
*                            HDL Elaboration                            *
=========================================================================

Elaborating module <corefft>.

Elaborating module <fftstg(width=16,N=9,M=9)>.

Elaborating module <midfifo>.

Elaborating module <fifo>.
WARNING:HDLCompiler:1499 - "D:\ZJU\VERILOG\B2FFT\ipcore_dir\fifo.v" Line 39: Empty module <fifo> remains a black box.

Elaborating module <butterfly>.

Elaborating module <wnrom>.

Elaborating module <rom_re>.
WARNING:HDLCompiler:1499 - "D:\ZJU\VERILOG\B2FFT\ipcore_dir\rom_re.v" Line 39: Empty module <rom_re> remains a black box.

Elaborating module <rom_im>.
WARNING:HDLCompiler:1499 - "D:\ZJU\VERILOG\B2FFT\ipcore_dir\rom_im.v" Line 39: Empty module <rom_im> remains a black box.

Elaborating module <complexmul>.

Elaborating module <compmul>.

Elaborating module <fftstg(width=16,N=9,M=8)>.

Elaborating module <fftstg(width=16,N=9,M=7)>.

Elaborating module <fftstg(width=16,N=9,M=6)>.

Elaborating module <fftstg(width=16,N=9,M=5)>.

Elaborating module <fftstg(width=16,N=9,M=4)>.

Elaborating module <fftstg(width=16,N=9,M=3)>.

Elaborating module <fftstg(width=16,N=9,M=2)>.

Elaborating module <fftstg_fn(width=16,N=9,M=1)>.

Elaborating module <reage(width=16,N=9)>.

Elaborating module <outram>.
WARNING:HDLCompiler:1499 - "D:\ZJU\VERILOG\B2FFT\ipcore_dir\outram.v" Line 39: Empty module <outram> remains a black box.
WARNING:HDLCompiler:413 - "D:\ZJU\VERILOG\B2FFT\reage.v" Line 86: Result of 10-bit expression is truncated to fit in 9-bit target.

=========================================================================
*                           HDL Synthesis                               *
=========================================================================

Synthesizing Unit <corefft>.
    Related source file is "D:\ZJU\VERILOG\B2FFT\corefft.v".
        width = 16
        NALL = 9
    Found 1-bit register for signal <mod0_in_en>.
    Found 16-bit register for signal <mod0_in_im>.
    Found 16-bit register for signal <mod0_in_re>.
    Found 9-bit register for signal <mod0_in_cnt>.
    Found 9-bit adder for signal <mod0_in_cnt[8]_GND_1_o_add_0_OUT> created at line 74.
    Summary:
	inferred   1 Adder/Subtractor(s).
	inferred  42 D-type flip-flop(s).
	inferred   1 Multiplexer(s).
Unit <corefft> synthesized.

Synthesizing Unit <fftstg_1>.
    Related source file is "D:\ZJU\VERILOG\B2FFT\fftstg.v".
        width = 16
        N = 9
        M = 9
INFO:Xst:3210 - "D:\ZJU\VERILOG\B2FFT\fftstg.v" line 77: Output port <full_re> of the instance <FFU> is unconnected or connected to loadless signal.
INFO:Xst:3210 - "D:\ZJU\VERILOG\B2FFT\fftstg.v" line 77: Output port <full_im> of the instance <FFU> is unconnected or connected to loadless signal.
INFO:Xst:3210 - "D:\ZJU\VERILOG\B2FFT\fftstg.v" line 77: Output port <empty_re> of the instance <FFU> is unconnected or connected to loadless signal.
INFO:Xst:3210 - "D:\ZJU\VERILOG\B2FFT\fftstg.v" line 77: Output port <empty_im> of the instance <FFU> is unconnected or connected to loadless signal.
    Found 1-bit register for signal <bf_outing>.
    Found 1-bit register for signal <en_out>.
    Found 9-bit register for signal <cnt_out>.
    Found 9-bit register for signal <cnt_bf>.
    Found 16-bit register for signal <yout_re>.
    Found 16-bit register for signal <yout_im>.
    Found 9-bit adder for signal <cnt_bf[8]_GND_2_o_add_9_OUT> created at line 130.
    Found 8-bit adder for signal <cnt_to_addr> created at line 146.
    Summary:
	inferred   2 Adder/Subtractor(s).
	inferred  52 D-type flip-flop(s).
	inferred  11 Multiplexer(s).
Unit <fftstg_1> synthesized.

Synthesizing Unit <midfifo>.
    Related source file is "D:\ZJU\VERILOG\B2FFT\midfifo.v".
        width = 16
        depth = 512
    Summary:
	no macro.
Unit <midfifo> synthesized.

Synthesizing Unit <butterfly>.
    Related source file is "D:\ZJU\VERILOG\B2FFT\butterfly.v".
        width = 16
    Found 16-bit subtractor for signal <out1_re> created at line 37.
    Found 16-bit subtractor for signal <out1_im> created at line 38.
    Found 16-bit adder for signal <out0_re> created at line 35.
    Found 16-bit adder for signal <out0_im> created at line 36.
    Summary:
	inferred   4 Adder/Subtractor(s).
Unit <butterfly> synthesized.

Synthesizing Unit <wnrom>.
    Related source file is "D:\ZJU\VERILOG\B2FFT\wnrom.v".
        width = 16
        addrw = 9
    Summary:
	no macro.
Unit <wnrom> synthesized.

Synthesizing Unit <complexmul>.
    Related source file is "D:\ZJU\VERILOG\B2FFT\complexmul.v".
        width = 16
INFO:Xst:3210 - "D:\ZJU\VERILOG\B2FFT\complexmul.v" line 36: Output port <m_axis_dout_tvalid> of the instance <CM0> is unconnected or connected to loadless signal.
    Summary:
	no macro.
Unit <complexmul> synthesized.

Synthesizing Unit <fftstg_2>.
    Related source file is "D:\ZJU\VERILOG\B2FFT\fftstg.v".
        width = 16
        N = 9
        M = 8
INFO:Xst:3210 - "D:\ZJU\VERILOG\B2FFT\fftstg.v" line 77: Output port <full_re> of the instance <FFU> is unconnected or connected to loadless signal.
INFO:Xst:3210 - "D:\ZJU\VERILOG\B2FFT\fftstg.v" line 77: Output port <full_im> of the instance <FFU> is unconnected or connected to loadless signal.
INFO:Xst:3210 - "D:\ZJU\VERILOG\B2FFT\fftstg.v" line 77: Output port <empty_re> of the instance <FFU> is unconnected or connected to loadless signal.
INFO:Xst:3210 - "D:\ZJU\VERILOG\B2FFT\fftstg.v" line 77: Output port <empty_im> of the instance <FFU> is unconnected or connected to loadless signal.
    Found 1-bit register for signal <bf_outing>.
    Found 1-bit register for signal <en_out>.
    Found 9-bit register for signal <cnt_out>.
    Found 9-bit register for signal <cnt_bf>.
    Found 16-bit register for signal <yout_re>.
    Found 16-bit register for signal <yout_im>.
    Found 9-bit adder for signal <cnt_bf[8]_GND_11_o_add_9_OUT> created at line 130.
    Found 7-bit adder for signal <cnt_to_addr> created at line 146.
    Summary:
	inferred   2 Adder/Subtractor(s).
	inferred  52 D-type flip-flop(s).
	inferred  11 Multiplexer(s).
Unit <fftstg_2> synthesized.

Synthesizing Unit <fftstg_3>.
    Related source file is "D:\ZJU\VERILOG\B2FFT\fftstg.v".
        width = 16
        N = 9
        M = 7
INFO:Xst:3210 - "D:\ZJU\VERILOG\B2FFT\fftstg.v" line 77: Output port <full_re> of the instance <FFU> is unconnected or connected to loadless signal.
INFO:Xst:3210 - "D:\ZJU\VERILOG\B2FFT\fftstg.v" line 77: Output port <full_im> of the instance <FFU> is unconnected or connected to loadless signal.
INFO:Xst:3210 - "D:\ZJU\VERILOG\B2FFT\fftstg.v" line 77: Output port <empty_re> of the instance <FFU> is unconnected or connected to loadless signal.
INFO:Xst:3210 - "D:\ZJU\VERILOG\B2FFT\fftstg.v" line 77: Output port <empty_im> of the instance <FFU> is unconnected or connected to loadless signal.
    Found 1-bit register for signal <bf_outing>.
    Found 1-bit register for signal <en_out>.
    Found 9-bit register for signal <cnt_out>.
    Found 9-bit register for signal <cnt_bf>.
    Found 16-bit register for signal <yout_re>.
    Found 16-bit register for signal <yout_im>.
    Found 9-bit adder for signal <cnt_bf[8]_GND_12_o_add_9_OUT> created at line 130.
    Found 6-bit adder for signal <cnt_to_addr> created at line 146.
    Summary:
	inferred   2 Adder/Subtractor(s).
	inferred  52 D-type flip-flop(s).
	inferred  11 Multiplexer(s).
Unit <fftstg_3> synthesized.

Synthesizing Unit <fftstg_4>.
    Related source file is "D:\ZJU\VERILOG\B2FFT\fftstg.v".
        width = 16
        N = 9
        M = 6
INFO:Xst:3210 - "D:\ZJU\VERILOG\B2FFT\fftstg.v" line 77: Output port <full_re> of the instance <FFU> is unconnected or connected to loadless signal.
INFO:Xst:3210 - "D:\ZJU\VERILOG\B2FFT\fftstg.v" line 77: Output port <full_im> of the instance <FFU> is unconnected or connected to loadless signal.
INFO:Xst:3210 - "D:\ZJU\VERILOG\B2FFT\fftstg.v" line 77: Output port <empty_re> of the instance <FFU> is unconnected or connected to loadless signal.
INFO:Xst:3210 - "D:\ZJU\VERILOG\B2FFT\fftstg.v" line 77: Output port <empty_im> of the instance <FFU> is unconnected or connected to loadless signal.
    Found 1-bit register for signal <bf_outing>.
    Found 1-bit register for signal <en_out>.
    Found 9-bit register for signal <cnt_out>.
    Found 9-bit register for signal <cnt_bf>.
    Found 16-bit register for signal <yout_re>.
    Found 16-bit register for signal <yout_im>.
    Found 9-bit adder for signal <cnt_bf[8]_GND_13_o_add_9_OUT> created at line 130.
    Found 5-bit adder for signal <cnt_to_addr> created at line 146.
    Summary:
	inferred   2 Adder/Subtractor(s).
	inferred  52 D-type flip-flop(s).
	inferred  11 Multiplexer(s).
Unit <fftstg_4> synthesized.

Synthesizing Unit <fftstg_5>.
    Related source file is "D:\ZJU\VERILOG\B2FFT\fftstg.v".
        width = 16
        N = 9
        M = 5
INFO:Xst:3210 - "D:\ZJU\VERILOG\B2FFT\fftstg.v" line 77: Output port <full_re> of the instance <FFU> is unconnected or connected to loadless signal.
INFO:Xst:3210 - "D:\ZJU\VERILOG\B2FFT\fftstg.v" line 77: Output port <full_im> of the instance <FFU> is unconnected or connected to loadless signal.
INFO:Xst:3210 - "D:\ZJU\VERILOG\B2FFT\fftstg.v" line 77: Output port <empty_re> of the instance <FFU> is unconnected or connected to loadless signal.
INFO:Xst:3210 - "D:\ZJU\VERILOG\B2FFT\fftstg.v" line 77: Output port <empty_im> of the instance <FFU> is unconnected or connected to loadless signal.
    Found 1-bit register for signal <bf_outing>.
    Found 1-bit register for signal <en_out>.
    Found 9-bit register for signal <cnt_out>.
    Found 9-bit register for signal <cnt_bf>.
    Found 16-bit register for signal <yout_re>.
    Found 16-bit register for signal <yout_im>.
    Found 9-bit adder for signal <cnt_bf[8]_GND_14_o_add_9_OUT> created at line 130.
    Found 4-bit adder for signal <cnt_to_addr> created at line 146.
    Summary:
	inferred   2 Adder/Subtractor(s).
	inferred  52 D-type flip-flop(s).
	inferred  11 Multiplexer(s).
Unit <fftstg_5> synthesized.

Synthesizing Unit <fftstg_6>.
    Related source file is "D:\ZJU\VERILOG\B2FFT\fftstg.v".
        width = 16
        N = 9
        M = 4
INFO:Xst:3210 - "D:\ZJU\VERILOG\B2FFT\fftstg.v" line 77: Output port <full_re> of the instance <FFU> is unconnected or connected to loadless signal.
INFO:Xst:3210 - "D:\ZJU\VERILOG\B2FFT\fftstg.v" line 77: Output port <full_im> of the instance <FFU> is unconnected or connected to loadless signal.
INFO:Xst:3210 - "D:\ZJU\VERILOG\B2FFT\fftstg.v" line 77: Output port <empty_re> of the instance <FFU> is unconnected or connected to loadless signal.
INFO:Xst:3210 - "D:\ZJU\VERILOG\B2FFT\fftstg.v" line 77: Output port <empty_im> of the instance <FFU> is unconnected or connected to loadless signal.
    Found 1-bit register for signal <bf_outing>.
    Found 1-bit register for signal <en_out>.
    Found 9-bit register for signal <cnt_out>.
    Found 9-bit register for signal <cnt_bf>.
    Found 16-bit register for signal <yout_re>.
    Found 16-bit register for signal <yout_im>.
    Found 9-bit adder for signal <cnt_bf[8]_GND_15_o_add_9_OUT> created at line 130.
    Found 3-bit adder for signal <cnt_to_addr> created at line 146.
    Summary:
	inferred   2 Adder/Subtractor(s).
	inferred  52 D-type flip-flop(s).
	inferred  11 Multiplexer(s).
Unit <fftstg_6> synthesized.

Synthesizing Unit <fftstg_7>.
    Related source file is "D:\ZJU\VERILOG\B2FFT\fftstg.v".
        width = 16
        N = 9
        M = 3
INFO:Xst:3210 - "D:\ZJU\VERILOG\B2FFT\fftstg.v" line 77: Output port <full_re> of the instance <FFU> is unconnected or connected to loadless signal.
INFO:Xst:3210 - "D:\ZJU\VERILOG\B2FFT\fftstg.v" line 77: Output port <full_im> of the instance <FFU> is unconnected or connected to loadless signal.
INFO:Xst:3210 - "D:\ZJU\VERILOG\B2FFT\fftstg.v" line 77: Output port <empty_re> of the instance <FFU> is unconnected or connected to loadless signal.
INFO:Xst:3210 - "D:\ZJU\VERILOG\B2FFT\fftstg.v" line 77: Output port <empty_im> of the instance <FFU> is unconnected or connected to loadless signal.
    Found 1-bit register for signal <bf_outing>.
    Found 1-bit register for signal <en_out>.
    Found 9-bit register for signal <cnt_out>.
    Found 9-bit register for signal <cnt_bf>.
    Found 16-bit register for signal <yout_re>.
    Found 16-bit register for signal <yout_im>.
    Found 9-bit adder for signal <cnt_bf[8]_GND_16_o_add_9_OUT> created at line 130.
    Found 2-bit adder for signal <cnt_to_addr> created at line 146.
    Summary:
	inferred   2 Adder/Subtractor(s).
	inferred  52 D-type flip-flop(s).
	inferred  11 Multiplexer(s).
Unit <fftstg_7> synthesized.

Synthesizing Unit <fftstg_8>.
    Related source file is "D:\ZJU\VERILOG\B2FFT\fftstg.v".
        width = 16
        N = 9
        M = 2
INFO:Xst:3210 - "D:\ZJU\VERILOG\B2FFT\fftstg.v" line 77: Output port <full_re> of the instance <FFU> is unconnected or connected to loadless signal.
INFO:Xst:3210 - "D:\ZJU\VERILOG\B2FFT\fftstg.v" line 77: Output port <full_im> of the instance <FFU> is unconnected or connected to loadless signal.
INFO:Xst:3210 - "D:\ZJU\VERILOG\B2FFT\fftstg.v" line 77: Output port <empty_re> of the instance <FFU> is unconnected or connected to loadless signal.
INFO:Xst:3210 - "D:\ZJU\VERILOG\B2FFT\fftstg.v" line 77: Output port <empty_im> of the instance <FFU> is unconnected or connected to loadless signal.
    Found 1-bit register for signal <bf_outing>.
    Found 1-bit register for signal <en_out>.
    Found 9-bit register for signal <cnt_out>.
    Found 9-bit register for signal <cnt_bf>.
    Found 16-bit register for signal <yout_re>.
    Found 16-bit register for signal <yout_im>.
    Found 9-bit adder for signal <cnt_bf[8]_GND_17_o_add_8_OUT> created at line 130.
    Found 1-bit adder for signal <cnt_to_addr> created at line 146.
    Summary:
	inferred   2 Adder/Subtractor(s).
	inferred  52 D-type flip-flop(s).
	inferred  11 Multiplexer(s).
Unit <fftstg_8> synthesized.

Synthesizing Unit <fftstg_fn>.
    Related source file is "D:\ZJU\VERILOG\B2FFT\fftstg_fn.v".
        width = 16
        N = 9
        M = 1
WARNING:Xst:647 - Input <cnt_in<8:1>> is never used. This port will be preserved and left unconnected if it belongs to a top-level block or it belongs to a sub-block and the hierarchy of this sub-block is preserved.
    Found 1-bit register for signal <bf_outing>.
    Found 1-bit register for signal <en_out>.
    Found 16-bit register for signal <reg_out_im>.
    Found 16-bit register for signal <yout_re>.
    Found 16-bit register for signal <yout_im>.
    Found 16-bit register for signal <reg_out_re>.
    Found 9-bit register for signal <cnt_bf>.
    Found 9-bit register for signal <cnt_out>.
    Found 9-bit adder for signal <cnt_bf[8]_GND_18_o_add_9_OUT> created at line 111.
    Summary:
	inferred   1 Adder/Subtractor(s).
	inferred  84 D-type flip-flop(s).
	inferred   9 Multiplexer(s).
Unit <fftstg_fn> synthesized.

Synthesizing Unit <reage>.
    Related source file is "D:\ZJU\VERILOG\B2FFT\reage.v".
        width = 16
        N = 9
    Found 1-bit register for signal <enout>.
    Found 10-bit register for signal <reage_cnt>.
    Found 10-bit adder for signal <reage_cnt[9]_GND_19_o_add_2_OUT> created at line 82.
    Found 9-bit subtractor for signal <cnt_ram_out> created at line 35.
    Summary:
	inferred   2 Adder/Subtractor(s).
	inferred  11 D-type flip-flop(s).
	inferred   2 Multiplexer(s).
Unit <reage> synthesized.

=========================================================================
HDL Synthesis Report

Macro Statistics
# Adders/Subtractors                                   : 56
 1-bit adder                                           : 1
 10-bit adder                                          : 1
 16-bit adder                                          : 18
 16-bit subtractor                                     : 18
 2-bit adder                                           : 1
 3-bit adder                                           : 1
 4-bit adder                                           : 1
 5-bit adder                                           : 1
 6-bit adder                                           : 1
 7-bit adder                                           : 1
 8-bit adder                                           : 1
 9-bit adder                                           : 10
 9-bit subtractor                                      : 1
# Registers                                            : 62
 1-bit register                                        : 20
 10-bit register                                       : 1
 16-bit register                                       : 22
 9-bit register                                        : 19
# Multiplexers                                         : 100
 10-bit 2-to-1 multiplexer                             : 1
 16-bit 2-to-1 multiplexer                             : 88
 9-bit 2-to-1 multiplexer                              : 11

=========================================================================

=========================================================================
*                       Advanced HDL Synthesis                          *
=========================================================================

Reading core <ipcore_dir/fifo.ngc>.
Reading core <ipcore_dir/rom_re.ngc>.
Reading core <ipcore_dir/rom_im.ngc>.
Reading core <ipcore_dir/compmul.ngc>.
Reading Secure Unit <blk00000001>.
Reading core <ipcore_dir/outram.ngc>.
Loading core <fifo> for timing and area information for instance <FRE>.
Loading core <fifo> for timing and area information for instance <FIM>.
Loading core <rom_re> for timing and area information for instance <wnrerom>.
Loading core <rom_im> for timing and area information for instance <wnimrom>.
Loading core <compmul> for timing and area information for instance <CM0>.
Loading core <outram> for timing and area information for instance <ram_re>.
Loading core <outram> for timing and area information for instance <ram_im>.
WARNING:Xst:2677 - Node <cnt_out_1> of sequential type is unconnected in block <mod7>.
WARNING:Xst:2677 - Node <cnt_out_2> of sequential type is unconnected in block <mod7>.
WARNING:Xst:2677 - Node <cnt_out_3> of sequential type is unconnected in block <mod7>.
WARNING:Xst:2677 - Node <cnt_out_4> of sequential type is unconnected in block <mod7>.
WARNING:Xst:2677 - Node <cnt_out_5> of sequential type is unconnected in block <mod7>.
WARNING:Xst:2677 - Node <cnt_out_6> of sequential type is unconnected in block <mod7>.
WARNING:Xst:2677 - Node <cnt_out_7> of sequential type is unconnected in block <mod7>.
WARNING:Xst:2677 - Node <cnt_out_8> of sequential type is unconnected in block <mod7>.

Synthesizing (advanced) Unit <corefft>.
The following registers are absorbed into counter <mod0_in_cnt>: 1 register on signal <mod0_in_cnt>.
Unit <corefft> synthesized (advanced).

Synthesizing (advanced) Unit <fftstg_1>.
The following registers are absorbed into counter <cnt_bf>: 1 register on signal <cnt_bf>.
Unit <fftstg_1> synthesized (advanced).

Synthesizing (advanced) Unit <fftstg_2>.
The following registers are absorbed into counter <cnt_bf>: 1 register on signal <cnt_bf>.
Unit <fftstg_2> synthesized (advanced).

Synthesizing (advanced) Unit <fftstg_3>.
The following registers are absorbed into counter <cnt_bf>: 1 register on signal <cnt_bf>.
Unit <fftstg_3> synthesized (advanced).

Synthesizing (advanced) Unit <fftstg_4>.
The following registers are absorbed into counter <cnt_bf>: 1 register on signal <cnt_bf>.
Unit <fftstg_4> synthesized (advanced).

Synthesizing (advanced) Unit <fftstg_5>.
The following registers are absorbed into counter <cnt_bf>: 1 register on signal <cnt_bf>.
Unit <fftstg_5> synthesized (advanced).

Synthesizing (advanced) Unit <fftstg_6>.
The following registers are absorbed into counter <cnt_bf>: 1 register on signal <cnt_bf>.
Unit <fftstg_6> synthesized (advanced).

Synthesizing (advanced) Unit <fftstg_7>.
The following registers are absorbed into counter <cnt_bf>: 1 register on signal <cnt_bf>.
Unit <fftstg_7> synthesized (advanced).

Synthesizing (advanced) Unit <fftstg_8>.
The following registers are absorbed into counter <cnt_bf>: 1 register on signal <cnt_bf>.
Unit <fftstg_8> synthesized (advanced).

Synthesizing (advanced) Unit <fftstg_fn>.
The following registers are absorbed into counter <cnt_bf>: 1 register on signal <cnt_bf>.
Unit <fftstg_fn> synthesized (advanced).

Synthesizing (advanced) Unit <reage>.
The following registers are absorbed into counter <reage_cnt>: 1 register on signal <reage_cnt>.
Unit <reage> synthesized (advanced).

=========================================================================
Advanced HDL Synthesis Report

Macro Statistics
# Adders/Subtractors                                   : 45
 1-bit adder                                           : 1
 16-bit adder                                          : 18
 16-bit subtractor                                     : 18
 2-bit adder                                           : 1
 3-bit adder                                           : 1
 4-bit adder                                           : 1
 5-bit adder                                           : 1
 6-bit adder                                           : 1
 7-bit adder                                           : 1
 8-bit adder                                           : 1
 9-bit subtractor                                      : 1
# Counters                                             : 11
 10-bit up counter                                     : 1
 9-bit up counter                                      : 10
# Registers                                            : 453
 Flip-Flops                                            : 453
# Multiplexers                                         : 119
 1-bit 2-to-1 multiplexer                              : 32
 16-bit 2-to-1 multiplexer                             : 86
 9-bit 2-to-1 multiplexer                              : 1

=========================================================================

=========================================================================
*                         Low Level Synthesis                           *
=========================================================================

Optimizing unit <corefft> ...

Optimizing unit <fftstg_1> ...

Optimizing unit <fftstg_2> ...

Optimizing unit <fftstg_3> ...

Optimizing unit <fftstg_4> ...

Optimizing unit <fftstg_5> ...

Optimizing unit <fftstg_6> ...

Optimizing unit <fftstg_7> ...

Optimizing unit <fftstg_8> ...

Optimizing unit <fftstg_fn> ...

Optimizing unit <reage> ...
WARNING:Xst:2677 - Node <mod7/cnt_out_8> of sequential type is unconnected in block <corefft>.
WARNING:Xst:2677 - Node <mod7/cnt_out_7> of sequential type is unconnected in block <corefft>.
WARNING:Xst:2677 - Node <mod7/cnt_out_6> of sequential type is unconnected in block <corefft>.
WARNING:Xst:2677 - Node <mod7/cnt_out_5> of sequential type is unconnected in block <corefft>.
WARNING:Xst:2677 - Node <mod7/cnt_out_4> of sequential type is unconnected in block <corefft>.
WARNING:Xst:2677 - Node <mod7/cnt_out_3> of sequential type is unconnected in block <corefft>.
WARNING:Xst:2677 - Node <mod7/cnt_out_2> of sequential type is unconnected in block <corefft>.
WARNING:Xst:2677 - Node <mod7/cnt_out_1> of sequential type is unconnected in block <corefft>.

Mapping all equations...
Building and optimizing final netlist ...
Found area constraint ratio of 100 (+ 5) on block corefft, actual ratio is 74.
INFO:Xst:2260 - The FF/Latch <U0/xst_fifo_generator/gconvfifo.rf/grf.rf/rstblk/ngwrdrst.grst.wr_rst_reg_1> in Unit <mod7/FFU/FRE> is equivalent to the following FF/Latch : <U0/xst_fifo_generator/gconvfifo.rf/grf.rf/rstblk/ngwrdrst.grst.wr_rst_reg_0> 
INFO:Xst:2260 - The FF/Latch <U0/xst_fifo_generator/gconvfifo.rf/grf.rf/gntv_or_sync_fifo.gl0.rd/grss.rsts/ram_empty_i> in Unit <mod7/FFU/FRE> is equivalent to the following FF/Latch : <U0/xst_fifo_generator/gconvfifo.rf/grf.rf/gntv_or_sync_fifo.gl0.rd/grss.rsts/ram_empty_fb_i> 
INFO:Xst:2260 - The FF/Latch <U0/xst_fifo_generator/gconvfifo.rf/grf.rf/rstblk/ngwrdrst.grst.rd_rst_reg_2> in Unit <mod7/FFU/FRE> is equivalent to the following FF/Latch : <U0/xst_fifo_generator/gconvfifo.rf/grf.rf/rstblk/ngwrdrst.grst.rd_rst_reg_0> 
INFO:Xst:2260 - The FF/Latch <U0/xst_fifo_generator/gconvfifo.rf/grf.rf/gntv_or_sync_fifo.gl0.wr/gwss.wsts/ram_full_i> in Unit <mod7/FFU/FRE> is equivalent to the following FF/Latch : <U0/xst_fifo_generator/gconvfifo.rf/grf.rf/gntv_or_sync_fifo.gl0.wr/gwss.wsts/ram_full_fb_i> 
INFO:Xst:2260 - The FF/Latch <U0/xst_fifo_generator/gconvfifo.rf/grf.rf/rstblk/ngwrdrst.grst.wr_rst_reg_1> in Unit <mod7/FFU/FIM> is equivalent to the following FF/Latch : <U0/xst_fifo_generator/gconvfifo.rf/grf.rf/rstblk/ngwrdrst.grst.wr_rst_reg_0> 
INFO:Xst:2260 - The FF/Latch <U0/xst_fifo_generator/gconvfifo.rf/grf.rf/gntv_or_sync_fifo.gl0.rd/grss.rsts/ram_empty_i> in Unit <mod7/FFU/FIM> is equivalent to the following FF/Latch : <U0/xst_fifo_generator/gconvfifo.rf/grf.rf/gntv_or_sync_fifo.gl0.rd/grss.rsts/ram_empty_fb_i> 
INFO:Xst:2260 - The FF/Latch <U0/xst_fifo_generator/gconvfifo.rf/grf.rf/rstblk/ngwrdrst.grst.rd_rst_reg_2> in Unit <mod7/FFU/FIM> is equivalent to the following FF/Latch : <U0/xst_fifo_generator/gconvfifo.rf/grf.rf/rstblk/ngwrdrst.grst.rd_rst_reg_0> 
INFO:Xst:2260 - The FF/Latch <U0/xst_fifo_generator/gconvfifo.rf/grf.rf/gntv_or_sync_fifo.gl0.wr/gwss.wsts/ram_full_i> in Unit <mod7/FFU/FIM> is equivalent to the following FF/Latch : <U0/xst_fifo_generator/gconvfifo.rf/grf.rf/gntv_or_sync_fifo.gl0.wr/gwss.wsts/ram_full_fb_i> 
INFO:Xst:2260 - The FF/Latch <U0/xst_fifo_generator/gconvfifo.rf/grf.rf/rstblk/ngwrdrst.grst.wr_rst_reg_1> in Unit <mod6/FFU/FRE> is equivalent to the following FF/Latch : <U0/xst_fifo_generator/gconvfifo.rf/grf.rf/rstblk/ngwrdrst.grst.wr_rst_reg_0> 
INFO:Xst:2260 - The FF/Latch <U0/xst_fifo_generator/gconvfifo.rf/grf.rf/gntv_or_sync_fifo.gl0.rd/grss.rsts/ram_empty_i> in Unit <mod6/FFU/FRE> is equivalent to the following FF/Latch : <U0/xst_fifo_generator/gconvfifo.rf/grf.rf/gntv_or_sync_fifo.gl0.rd/grss.rsts/ram_empty_fb_i> 
INFO:Xst:2260 - The FF/Latch <U0/xst_fifo_generator/gconvfifo.rf/grf.rf/rstblk/ngwrdrst.grst.rd_rst_reg_2> in Unit <mod6/FFU/FRE> is equivalent to the following FF/Latch : <U0/xst_fifo_generator/gconvfifo.rf/grf.rf/rstblk/ngwrdrst.grst.rd_rst_reg_0> 
INFO:Xst:2260 - The FF/Latch <U0/xst_fifo_generator/gconvfifo.rf/grf.rf/gntv_or_sync_fifo.gl0.wr/gwss.wsts/ram_full_i> in Unit <mod6/FFU/FRE> is equivalent to the following FF/Latch : <U0/xst_fifo_generator/gconvfifo.rf/grf.rf/gntv_or_sync_fifo.gl0.wr/gwss.wsts/ram_full_fb_i> 
INFO:Xst:2260 - The FF/Latch <U0/xst_fifo_generator/gconvfifo.rf/grf.rf/rstblk/ngwrdrst.grst.wr_rst_reg_1> in Unit <mod6/FFU/FIM> is equivalent to the following FF/Latch : <U0/xst_fifo_generator/gconvfifo.rf/grf.rf/rstblk/ngwrdrst.grst.wr_rst_reg_0> 
INFO:Xst:2260 - The FF/Latch <U0/xst_fifo_generator/gconvfifo.rf/grf.rf/gntv_or_sync_fifo.gl0.rd/grss.rsts/ram_empty_i> in Unit <mod6/FFU/FIM> is equivalent to the following FF/Latch : <U0/xst_fifo_generator/gconvfifo.rf/grf.rf/gntv_or_sync_fifo.gl0.rd/grss.rsts/ram_empty_fb_i> 
INFO:Xst:2260 - The FF/Latch <U0/xst_fifo_generator/gconvfifo.rf/grf.rf/rstblk/ngwrdrst.grst.rd_rst_reg_2> in Unit <mod6/FFU/FIM> is equivalent to the following FF/Latch : <U0/xst_fifo_generator/gconvfifo.rf/grf.rf/rstblk/ngwrdrst.grst.rd_rst_reg_0> 
INFO:Xst:2260 - The FF/Latch <U0/xst_fifo_generator/gconvfifo.rf/grf.rf/gntv_or_sync_fifo.gl0.wr/gwss.wsts/ram_full_i> in Unit <mod6/FFU/FIM> is equivalent to the following FF/Latch : <U0/xst_fifo_generator/gconvfifo.rf/grf.rf/gntv_or_sync_fifo.gl0.wr/gwss.wsts/ram_full_fb_i> 
INFO:Xst:2260 - The FF/Latch <U0/xst_fifo_generator/gconvfifo.rf/grf.rf/rstblk/ngwrdrst.grst.wr_rst_reg_1> in Unit <mod5/FFU/FRE> is equivalent to the following FF/Latch : <U0/xst_fifo_generator/gconvfifo.rf/grf.rf/rstblk/ngwrdrst.grst.wr_rst_reg_0> 
INFO:Xst:2260 - The FF/Latch <U0/xst_fifo_generator/gconvfifo.rf/grf.rf/gntv_or_sync_fifo.gl0.rd/grss.rsts/ram_empty_i> in Unit <mod5/FFU/FRE> is equivalent to the following FF/Latch : <U0/xst_fifo_generator/gconvfifo.rf/grf.rf/gntv_or_sync_fifo.gl0.rd/grss.rsts/ram_empty_fb_i> 
INFO:Xst:2260 - The FF/Latch <U0/xst_fifo_generator/gconvfifo.rf/grf.rf/rstblk/ngwrdrst.grst.rd_rst_reg_2> in Unit <mod5/FFU/FRE> is equivalent to the following FF/Latch : <U0/xst_fifo_generator/gconvfifo.rf/grf.rf/rstblk/ngwrdrst.grst.rd_rst_reg_0> 
INFO:Xst:2260 - The FF/Latch <U0/xst_fifo_generator/gconvfifo.rf/grf.rf/gntv_or_sync_fifo.gl0.wr/gwss.wsts/ram_full_i> in Unit <mod5/FFU/FRE> is equivalent to the following FF/Latch : <U0/xst_fifo_generator/gconvfifo.rf/grf.rf/gntv_or_sync_fifo.gl0.wr/gwss.wsts/ram_full_fb_i> 
INFO:Xst:2260 - The FF/Latch <U0/xst_fifo_generator/gconvfifo.rf/grf.rf/rstblk/ngwrdrst.grst.wr_rst_reg_1> in Unit <mod5/FFU/FIM> is equivalent to the following FF/Latch : <U0/xst_fifo_generator/gconvfifo.rf/grf.rf/rstblk/ngwrdrst.grst.wr_rst_reg_0> 
INFO:Xst:2260 - The FF/Latch <U0/xst_fifo_generator/gconvfifo.rf/grf.rf/gntv_or_sync_fifo.gl0.rd/grss.rsts/ram_empty_i> in Unit <mod5/FFU/FIM> is equivalent to the following FF/Latch : <U0/xst_fifo_generator/gconvfifo.rf/grf.rf/gntv_or_sync_fifo.gl0.rd/grss.rsts/ram_empty_fb_i> 
INFO:Xst:2260 - The FF/Latch <U0/xst_fifo_generator/gconvfifo.rf/grf.rf/rstblk/ngwrdrst.grst.rd_rst_reg_2> in Unit <mod5/FFU/FIM> is equivalent to the following FF/Latch : <U0/xst_fifo_generator/gconvfifo.rf/grf.rf/rstblk/ngwrdrst.grst.rd_rst_reg_0> 
INFO:Xst:2260 - The FF/Latch <U0/xst_fifo_generator/gconvfifo.rf/grf.rf/gntv_or_sync_fifo.gl0.wr/gwss.wsts/ram_full_i> in Unit <mod5/FFU/FIM> is equivalent to the following FF/Latch : <U0/xst_fifo_generator/gconvfifo.rf/grf.rf/gntv_or_sync_fifo.gl0.wr/gwss.wsts/ram_full_fb_i> 
INFO:Xst:2260 - The FF/Latch <U0/xst_fifo_generator/gconvfifo.rf/grf.rf/rstblk/ngwrdrst.grst.wr_rst_reg_1> in Unit <mod4/FFU/FRE> is equivalent to the following FF/Latch : <U0/xst_fifo_generator/gconvfifo.rf/grf.rf/rstblk/ngwrdrst.grst.wr_rst_reg_0> 
INFO:Xst:2260 - The FF/Latch <U0/xst_fifo_generator/gconvfifo.rf/grf.rf/gntv_or_sync_fifo.gl0.rd/grss.rsts/ram_empty_i> in Unit <mod4/FFU/FRE> is equivalent to the following FF/Latch : <U0/xst_fifo_generator/gconvfifo.rf/grf.rf/gntv_or_sync_fifo.gl0.rd/grss.rsts/ram_empty_fb_i> 
INFO:Xst:2260 - The FF/Latch <U0/xst_fifo_generator/gconvfifo.rf/grf.rf/rstblk/ngwrdrst.grst.rd_rst_reg_2> in Unit <mod4/FFU/FRE> is equivalent to the following FF/Latch : <U0/xst_fifo_generator/gconvfifo.rf/grf.rf/rstblk/ngwrdrst.grst.rd_rst_reg_0> 
INFO:Xst:2260 - The FF/Latch <U0/xst_fifo_generator/gconvfifo.rf/grf.rf/gntv_or_sync_fifo.gl0.wr/gwss.wsts/ram_full_i> in Unit <mod4/FFU/FRE> is equivalent to the following FF/Latch : <U0/xst_fifo_generator/gconvfifo.rf/grf.rf/gntv_or_sync_fifo.gl0.wr/gwss.wsts/ram_full_fb_i> 
INFO:Xst:2260 - The FF/Latch <U0/xst_fifo_generator/gconvfifo.rf/grf.rf/rstblk/ngwrdrst.grst.wr_rst_reg_1> in Unit <mod4/FFU/FIM> is equivalent to the following FF/Latch : <U0/xst_fifo_generator/gconvfifo.rf/grf.rf/rstblk/ngwrdrst.grst.wr_rst_reg_0> 
INFO:Xst:2260 - The FF/Latch <U0/xst_fifo_generator/gconvfifo.rf/grf.rf/gntv_or_sync_fifo.gl0.rd/grss.rsts/ram_empty_i> in Unit <mod4/FFU/FIM> is equivalent to the following FF/Latch : <U0/xst_fifo_generator/gconvfifo.rf/grf.rf/gntv_or_sync_fifo.gl0.rd/grss.rsts/ram_empty_fb_i> 
INFO:Xst:2260 - The FF/Latch <U0/xst_fifo_generator/gconvfifo.rf/grf.rf/rstblk/ngwrdrst.grst.rd_rst_reg_2> in Unit <mod4/FFU/FIM> is equivalent to the following FF/Latch : <U0/xst_fifo_generator/gconvfifo.rf/grf.rf/rstblk/ngwrdrst.grst.rd_rst_reg_0> 
INFO:Xst:2260 - The FF/Latch <U0/xst_fifo_generator/gconvfifo.rf/grf.rf/gntv_or_sync_fifo.gl0.wr/gwss.wsts/ram_full_i> in Unit <mod4/FFU/FIM> is equivalent to the following FF/Latch : <U0/xst_fifo_generator/gconvfifo.rf/grf.rf/gntv_or_sync_fifo.gl0.wr/gwss.wsts/ram_full_fb_i> 
INFO:Xst:2260 - The FF/Latch <U0/xst_fifo_generator/gconvfifo.rf/grf.rf/rstblk/ngwrdrst.grst.wr_rst_reg_1> in Unit <mod3/FFU/FRE> is equivalent to the following FF/Latch : <U0/xst_fifo_generator/gconvfifo.rf/grf.rf/rstblk/ngwrdrst.grst.wr_rst_reg_0> 
INFO:Xst:2260 - The FF/Latch <U0/xst_fifo_generator/gconvfifo.rf/grf.rf/gntv_or_sync_fifo.gl0.rd/grss.rsts/ram_empty_i> in Unit <mod3/FFU/FRE> is equivalent to the following FF/Latch : <U0/xst_fifo_generator/gconvfifo.rf/grf.rf/gntv_or_sync_fifo.gl0.rd/grss.rsts/ram_empty_fb_i> 
INFO:Xst:2260 - The FF/Latch <U0/xst_fifo_generator/gconvfifo.rf/grf.rf/rstblk/ngwrdrst.grst.rd_rst_reg_2> in Unit <mod3/FFU/FRE> is equivalent to the following FF/Latch : <U0/xst_fifo_generator/gconvfifo.rf/grf.rf/rstblk/ngwrdrst.grst.rd_rst_reg_0> 
INFO:Xst:2260 - The FF/Latch <U0/xst_fifo_generator/gconvfifo.rf/grf.rf/gntv_or_sync_fifo.gl0.wr/gwss.wsts/ram_full_i> in Unit <mod3/FFU/FRE> is equivalent to the following FF/Latch : <U0/xst_fifo_generator/gconvfifo.rf/grf.rf/gntv_or_sync_fifo.gl0.wr/gwss.wsts/ram_full_fb_i> 
INFO:Xst:2260 - The FF/Latch <U0/xst_fifo_generator/gconvfifo.rf/grf.rf/rstblk/ngwrdrst.grst.wr_rst_reg_1> in Unit <mod3/FFU/FIM> is equivalent to the following FF/Latch : <U0/xst_fifo_generator/gconvfifo.rf/grf.rf/rstblk/ngwrdrst.grst.wr_rst_reg_0> 
INFO:Xst:2260 - The FF/Latch <U0/xst_fifo_generator/gconvfifo.rf/grf.rf/gntv_or_sync_fifo.gl0.rd/grss.rsts/ram_empty_i> in Unit <mod3/FFU/FIM> is equivalent to the following FF/Latch : <U0/xst_fifo_generator/gconvfifo.rf/grf.rf/gntv_or_sync_fifo.gl0.rd/grss.rsts/ram_empty_fb_i> 
INFO:Xst:2260 - The FF/Latch <U0/xst_fifo_generator/gconvfifo.rf/grf.rf/rstblk/ngwrdrst.grst.rd_rst_reg_2> in Unit <mod3/FFU/FIM> is equivalent to the following FF/Latch : <U0/xst_fifo_generator/gconvfifo.rf/grf.rf/rstblk/ngwrdrst.grst.rd_rst_reg_0> 
INFO:Xst:2260 - The FF/Latch <U0/xst_fifo_generator/gconvfifo.rf/grf.rf/gntv_or_sync_fifo.gl0.wr/gwss.wsts/ram_full_i> in Unit <mod3/FFU/FIM> is equivalent to the following FF/Latch : <U0/xst_fifo_generator/gconvfifo.rf/grf.rf/gntv_or_sync_fifo.gl0.wr/gwss.wsts/ram_full_fb_i> 
INFO:Xst:2260 - The FF/Latch <U0/xst_fifo_generator/gconvfifo.rf/grf.rf/rstblk/ngwrdrst.grst.wr_rst_reg_1> in Unit <mod2/FFU/FRE> is equivalent to the following FF/Latch : <U0/xst_fifo_generator/gconvfifo.rf/grf.rf/rstblk/ngwrdrst.grst.wr_rst_reg_0> 
INFO:Xst:2260 - The FF/Latch <U0/xst_fifo_generator/gconvfifo.rf/grf.rf/gntv_or_sync_fifo.gl0.rd/grss.rsts/ram_empty_i> in Unit <mod2/FFU/FRE> is equivalent to the following FF/Latch : <U0/xst_fifo_generator/gconvfifo.rf/grf.rf/gntv_or_sync_fifo.gl0.rd/grss.rsts/ram_empty_fb_i> 
INFO:Xst:2260 - The FF/Latch <U0/xst_fifo_generator/gconvfifo.rf/grf.rf/rstblk/ngwrdrst.grst.rd_rst_reg_2> in Unit <mod2/FFU/FRE> is equivalent to the following FF/Latch : <U0/xst_fifo_generator/gconvfifo.rf/grf.rf/rstblk/ngwrdrst.grst.rd_rst_reg_0> 
INFO:Xst:2260 - The FF/Latch <U0/xst_fifo_generator/gconvfifo.rf/grf.rf/gntv_or_sync_fifo.gl0.wr/gwss.wsts/ram_full_i> in Unit <mod2/FFU/FRE> is equivalent to the following FF/Latch : <U0/xst_fifo_generator/gconvfifo.rf/grf.rf/gntv_or_sync_fifo.gl0.wr/gwss.wsts/ram_full_fb_i> 
INFO:Xst:2260 - The FF/Latch <U0/xst_fifo_generator/gconvfifo.rf/grf.rf/rstblk/ngwrdrst.grst.wr_rst_reg_1> in Unit <mod2/FFU/FIM> is equivalent to the following FF/Latch : <U0/xst_fifo_generator/gconvfifo.rf/grf.rf/rstblk/ngwrdrst.grst.wr_rst_reg_0> 
INFO:Xst:2260 - The FF/Latch <U0/xst_fifo_generator/gconvfifo.rf/grf.rf/gntv_or_sync_fifo.gl0.rd/grss.rsts/ram_empty_i> in Unit <mod2/FFU/FIM> is equivalent to the following FF/Latch : <U0/xst_fifo_generator/gconvfifo.rf/grf.rf/gntv_or_sync_fifo.gl0.rd/grss.rsts/ram_empty_fb_i> 
INFO:Xst:2260 - The FF/Latch <U0/xst_fifo_generator/gconvfifo.rf/grf.rf/rstblk/ngwrdrst.grst.rd_rst_reg_2> in Unit <mod2/FFU/FIM> is equivalent to the following FF/Latch : <U0/xst_fifo_generator/gconvfifo.rf/grf.rf/rstblk/ngwrdrst.grst.rd_rst_reg_0> 
INFO:Xst:2260 - The FF/Latch <U0/xst_fifo_generator/gconvfifo.rf/grf.rf/gntv_or_sync_fifo.gl0.wr/gwss.wsts/ram_full_i> in Unit <mod2/FFU/FIM> is equivalent to the following FF/Latch : <U0/xst_fifo_generator/gconvfifo.rf/grf.rf/gntv_or_sync_fifo.gl0.wr/gwss.wsts/ram_full_fb_i> 
INFO:Xst:2260 - The FF/Latch <U0/xst_fifo_generator/gconvfifo.rf/grf.rf/rstblk/ngwrdrst.grst.wr_rst_reg_1> in Unit <mod1/FFU/FRE> is equivalent to the following FF/Latch : <U0/xst_fifo_generator/gconvfifo.rf/grf.rf/rstblk/ngwrdrst.grst.wr_rst_reg_0> 
INFO:Xst:2260 - The FF/Latch <U0/xst_fifo_generator/gconvfifo.rf/grf.rf/gntv_or_sync_fifo.gl0.rd/grss.rsts/ram_empty_i> in Unit <mod1/FFU/FRE> is equivalent to the following FF/Latch : <U0/xst_fifo_generator/gconvfifo.rf/grf.rf/gntv_or_sync_fifo.gl0.rd/grss.rsts/ram_empty_fb_i> 
INFO:Xst:2260 - The FF/Latch <U0/xst_fifo_generator/gconvfifo.rf/grf.rf/rstblk/ngwrdrst.grst.rd_rst_reg_2> in Unit <mod1/FFU/FRE> is equivalent to the following FF/Latch : <U0/xst_fifo_generator/gconvfifo.rf/grf.rf/rstblk/ngwrdrst.grst.rd_rst_reg_0> 
INFO:Xst:2260 - The FF/Latch <U0/xst_fifo_generator/gconvfifo.rf/grf.rf/gntv_or_sync_fifo.gl0.wr/gwss.wsts/ram_full_i> in Unit <mod1/FFU/FRE> is equivalent to the following FF/Latch : <U0/xst_fifo_generator/gconvfifo.rf/grf.rf/gntv_or_sync_fifo.gl0.wr/gwss.wsts/ram_full_fb_i> 
INFO:Xst:2260 - The FF/Latch <U0/xst_fifo_generator/gconvfifo.rf/grf.rf/rstblk/ngwrdrst.grst.wr_rst_reg_1> in Unit <mod1/FFU/FIM> is equivalent to the following FF/Latch : <U0/xst_fifo_generator/gconvfifo.rf/grf.rf/rstblk/ngwrdrst.grst.wr_rst_reg_0> 
INFO:Xst:2260 - The FF/Latch <U0/xst_fifo_generator/gconvfifo.rf/grf.rf/gntv_or_sync_fifo.gl0.rd/grss.rsts/ram_empty_i> in Unit <mod1/FFU/FIM> is equivalent to the following FF/Latch : <U0/xst_fifo_generator/gconvfifo.rf/grf.rf/gntv_or_sync_fifo.gl0.rd/grss.rsts/ram_empty_fb_i> 
INFO:Xst:2260 - The FF/Latch <U0/xst_fifo_generator/gconvfifo.rf/grf.rf/rstblk/ngwrdrst.grst.rd_rst_reg_2> in Unit <mod1/FFU/FIM> is equivalent to the following FF/Latch : <U0/xst_fifo_generator/gconvfifo.rf/grf.rf/rstblk/ngwrdrst.grst.rd_rst_reg_0> 
INFO:Xst:2260 - The FF/Latch <U0/xst_fifo_generator/gconvfifo.rf/grf.rf/gntv_or_sync_fifo.gl0.wr/gwss.wsts/ram_full_i> in Unit <mod1/FFU/FIM> is equivalent to the following FF/Latch : <U0/xst_fifo_generator/gconvfifo.rf/grf.rf/gntv_or_sync_fifo.gl0.wr/gwss.wsts/ram_full_fb_i> 
INFO:Xst:2260 - The FF/Latch <U0/xst_fifo_generator/gconvfifo.rf/grf.rf/rstblk/ngwrdrst.grst.wr_rst_reg_1> in Unit <mod0/FFU/FRE> is equivalent to the following FF/Latch : <U0/xst_fifo_generator/gconvfifo.rf/grf.rf/rstblk/ngwrdrst.grst.wr_rst_reg_0> 
INFO:Xst:2260 - The FF/Latch <U0/xst_fifo_generator/gconvfifo.rf/grf.rf/gntv_or_sync_fifo.gl0.rd/grss.rsts/ram_empty_i> in Unit <mod0/FFU/FRE> is equivalent to the following FF/Latch : <U0/xst_fifo_generator/gconvfifo.rf/grf.rf/gntv_or_sync_fifo.gl0.rd/grss.rsts/ram_empty_fb_i> 
INFO:Xst:2260 - The FF/Latch <U0/xst_fifo_generator/gconvfifo.rf/grf.rf/rstblk/ngwrdrst.grst.rd_rst_reg_2> in Unit <mod0/FFU/FRE> is equivalent to the following FF/Latch : <U0/xst_fifo_generator/gconvfifo.rf/grf.rf/rstblk/ngwrdrst.grst.rd_rst_reg_0> 
INFO:Xst:2260 - The FF/Latch <U0/xst_fifo_generator/gconvfifo.rf/grf.rf/gntv_or_sync_fifo.gl0.wr/gwss.wsts/ram_full_i> in Unit <mod0/FFU/FRE> is equivalent to the following FF/Latch : <U0/xst_fifo_generator/gconvfifo.rf/grf.rf/gntv_or_sync_fifo.gl0.wr/gwss.wsts/ram_full_fb_i> 
INFO:Xst:2260 - The FF/Latch <U0/xst_fifo_generator/gconvfifo.rf/grf.rf/rstblk/ngwrdrst.grst.wr_rst_reg_1> in Unit <mod0/FFU/FIM> is equivalent to the following FF/Latch : <U0/xst_fifo_generator/gconvfifo.rf/grf.rf/rstblk/ngwrdrst.grst.wr_rst_reg_0> 
INFO:Xst:2260 - The FF/Latch <U0/xst_fifo_generator/gconvfifo.rf/grf.rf/gntv_or_sync_fifo.gl0.rd/grss.rsts/ram_empty_i> in Unit <mod0/FFU/FIM> is equivalent to the following FF/Latch : <U0/xst_fifo_generator/gconvfifo.rf/grf.rf/gntv_or_sync_fifo.gl0.rd/grss.rsts/ram_empty_fb_i> 
INFO:Xst:2260 - The FF/Latch <U0/xst_fifo_generator/gconvfifo.rf/grf.rf/rstblk/ngwrdrst.grst.rd_rst_reg_2> in Unit <mod0/FFU/FIM> is equivalent to the following FF/Latch : <U0/xst_fifo_generator/gconvfifo.rf/grf.rf/rstblk/ngwrdrst.grst.rd_rst_reg_0> 
INFO:Xst:2260 - The FF/Latch <U0/xst_fifo_generator/gconvfifo.rf/grf.rf/gntv_or_sync_fifo.gl0.wr/gwss.wsts/ram_full_i> in Unit <mod0/FFU/FIM> is equivalent to the following FF/Latch : <U0/xst_fifo_generator/gconvfifo.rf/grf.rf/gntv_or_sync_fifo.gl0.wr/gwss.wsts/ram_full_fb_i> 
INFO:Xst:2260 - The FF/Latch <U0/xst_fifo_generator/gconvfifo.rf/grf.rf/rstblk/ngwrdrst.grst.wr_rst_reg_1> in Unit <mod7/FFU/FRE> is equivalent to the following FF/Latch : <U0/xst_fifo_generator/gconvfifo.rf/grf.rf/rstblk/ngwrdrst.grst.wr_rst_reg_0> 
INFO:Xst:2260 - The FF/Latch <U0/xst_fifo_generator/gconvfifo.rf/grf.rf/gntv_or_sync_fifo.gl0.rd/grss.rsts/ram_empty_i> in Unit <mod7/FFU/FRE> is equivalent to the following FF/Latch : <U0/xst_fifo_generator/gconvfifo.rf/grf.rf/gntv_or_sync_fifo.gl0.rd/grss.rsts/ram_empty_fb_i> 
INFO:Xst:2260 - The FF/Latch <U0/xst_fifo_generator/gconvfifo.rf/grf.rf/rstblk/ngwrdrst.grst.rd_rst_reg_2> in Unit <mod7/FFU/FRE> is equivalent to the following FF/Latch : <U0/xst_fifo_generator/gconvfifo.rf/grf.rf/rstblk/ngwrdrst.grst.rd_rst_reg_0> 
INFO:Xst:2260 - The FF/Latch <U0/xst_fifo_generator/gconvfifo.rf/grf.rf/gntv_or_sync_fifo.gl0.wr/gwss.wsts/ram_full_i> in Unit <mod7/FFU/FRE> is equivalent to the following FF/Latch : <U0/xst_fifo_generator/gconvfifo.rf/grf.rf/gntv_or_sync_fifo.gl0.wr/gwss.wsts/ram_full_fb_i> 
INFO:Xst:2260 - The FF/Latch <U0/xst_fifo_generator/gconvfifo.rf/grf.rf/rstblk/ngwrdrst.grst.wr_rst_reg_1> in Unit <mod7/FFU/FIM> is equivalent to the following FF/Latch : <U0/xst_fifo_generator/gconvfifo.rf/grf.rf/rstblk/ngwrdrst.grst.wr_rst_reg_0> 
INFO:Xst:2260 - The FF/Latch <U0/xst_fifo_generator/gconvfifo.rf/grf.rf/gntv_or_sync_fifo.gl0.rd/grss.rsts/ram_empty_i> in Unit <mod7/FFU/FIM> is equivalent to the following FF/Latch : <U0/xst_fifo_generator/gconvfifo.rf/grf.rf/gntv_or_sync_fifo.gl0.rd/grss.rsts/ram_empty_fb_i> 
INFO:Xst:2260 - The FF/Latch <U0/xst_fifo_generator/gconvfifo.rf/grf.rf/rstblk/ngwrdrst.grst.rd_rst_reg_2> in Unit <mod7/FFU/FIM> is equivalent to the following FF/Latch : <U0/xst_fifo_generator/gconvfifo.rf/grf.rf/rstblk/ngwrdrst.grst.rd_rst_reg_0> 
INFO:Xst:2260 - The FF/Latch <U0/xst_fifo_generator/gconvfifo.rf/grf.rf/gntv_or_sync_fifo.gl0.wr/gwss.wsts/ram_full_i> in Unit <mod7/FFU/FIM> is equivalent to the following FF/Latch : <U0/xst_fifo_generator/gconvfifo.rf/grf.rf/gntv_or_sync_fifo.gl0.wr/gwss.wsts/ram_full_fb_i> 
INFO:Xst:2260 - The FF/Latch <U0/xst_fifo_generator/gconvfifo.rf/grf.rf/rstblk/ngwrdrst.grst.wr_rst_reg_1> in Unit <mod6/FFU/FRE> is equivalent to the following FF/Latch : <U0/xst_fifo_generator/gconvfifo.rf/grf.rf/rstblk/ngwrdrst.grst.wr_rst_reg_0> 
INFO:Xst:2260 - The FF/Latch <U0/xst_fifo_generator/gconvfifo.rf/grf.rf/gntv_or_sync_fifo.gl0.rd/grss.rsts/ram_empty_i> in Unit <mod6/FFU/FRE> is equivalent to the following FF/Latch : <U0/xst_fifo_generator/gconvfifo.rf/grf.rf/gntv_or_sync_fifo.gl0.rd/grss.rsts/ram_empty_fb_i> 
INFO:Xst:2260 - The FF/Latch <U0/xst_fifo_generator/gconvfifo.rf/grf.rf/rstblk/ngwrdrst.grst.rd_rst_reg_2> in Unit <mod6/FFU/FRE> is equivalent to the following FF/Latch : <U0/xst_fifo_generator/gconvfifo.rf/grf.rf/rstblk/ngwrdrst.grst.rd_rst_reg_0> 
INFO:Xst:2260 - The FF/Latch <U0/xst_fifo_generator/gconvfifo.rf/grf.rf/gntv_or_sync_fifo.gl0.wr/gwss.wsts/ram_full_i> in Unit <mod6/FFU/FRE> is equivalent to the following FF/Latch : <U0/xst_fifo_generator/gconvfifo.rf/grf.rf/gntv_or_sync_fifo.gl0.wr/gwss.wsts/ram_full_fb_i> 
INFO:Xst:2260 - The FF/Latch <U0/xst_fifo_generator/gconvfifo.rf/grf.rf/rstblk/ngwrdrst.grst.wr_rst_reg_1> in Unit <mod6/FFU/FIM> is equivalent to the following FF/Latch : <U0/xst_fifo_generator/gconvfifo.rf/grf.rf/rstblk/ngwrdrst.grst.wr_rst_reg_0> 
INFO:Xst:2260 - The FF/Latch <U0/xst_fifo_generator/gconvfifo.rf/grf.rf/gntv_or_sync_fifo.gl0.rd/grss.rsts/ram_empty_i> in Unit <mod6/FFU/FIM> is equivalent to the following FF/Latch : <U0/xst_fifo_generator/gconvfifo.rf/grf.rf/gntv_or_sync_fifo.gl0.rd/grss.rsts/ram_empty_fb_i> 
INFO:Xst:2260 - The FF/Latch <U0/xst_fifo_generator/gconvfifo.rf/grf.rf/rstblk/ngwrdrst.grst.rd_rst_reg_2> in Unit <mod6/FFU/FIM> is equivalent to the following FF/Latch : <U0/xst_fifo_generator/gconvfifo.rf/grf.rf/rstblk/ngwrdrst.grst.rd_rst_reg_0> 
INFO:Xst:2260 - The FF/Latch <U0/xst_fifo_generator/gconvfifo.rf/grf.rf/gntv_or_sync_fifo.gl0.wr/gwss.wsts/ram_full_i> in Unit <mod6/FFU/FIM> is equivalent to the following FF/Latch : <U0/xst_fifo_generator/gconvfifo.rf/grf.rf/gntv_or_sync_fifo.gl0.wr/gwss.wsts/ram_full_fb_i> 
INFO:Xst:2260 - The FF/Latch <U0/xst_fifo_generator/gconvfifo.rf/grf.rf/rstblk/ngwrdrst.grst.wr_rst_reg_1> in Unit <mod5/FFU/FRE> is equivalent to the following FF/Latch : <U0/xst_fifo_generator/gconvfifo.rf/grf.rf/rstblk/ngwrdrst.grst.wr_rst_reg_0> 
INFO:Xst:2260 - The FF/Latch <U0/xst_fifo_generator/gconvfifo.rf/grf.rf/gntv_or_sync_fifo.gl0.rd/grss.rsts/ram_empty_i> in Unit <mod5/FFU/FRE> is equivalent to the following FF/Latch : <U0/xst_fifo_generator/gconvfifo.rf/grf.rf/gntv_or_sync_fifo.gl0.rd/grss.rsts/ram_empty_fb_i> 
INFO:Xst:2260 - The FF/Latch <U0/xst_fifo_generator/gconvfifo.rf/grf.rf/rstblk/ngwrdrst.grst.rd_rst_reg_2> in Unit <mod5/FFU/FRE> is equivalent to the following FF/Latch : <U0/xst_fifo_generator/gconvfifo.rf/grf.rf/rstblk/ngwrdrst.grst.rd_rst_reg_0> 
INFO:Xst:2260 - The FF/Latch <U0/xst_fifo_generator/gconvfifo.rf/grf.rf/gntv_or_sync_fifo.gl0.wr/gwss.wsts/ram_full_i> in Unit <mod5/FFU/FRE> is equivalent to the following FF/Latch : <U0/xst_fifo_generator/gconvfifo.rf/grf.rf/gntv_or_sync_fifo.gl0.wr/gwss.wsts/ram_full_fb_i> 
INFO:Xst:2260 - The FF/Latch <U0/xst_fifo_generator/gconvfifo.rf/grf.rf/rstblk/ngwrdrst.grst.wr_rst_reg_1> in Unit <mod5/FFU/FIM> is equivalent to the following FF/Latch : <U0/xst_fifo_generator/gconvfifo.rf/grf.rf/rstblk/ngwrdrst.grst.wr_rst_reg_0> 
INFO:Xst:2260 - The FF/Latch <U0/xst_fifo_generator/gconvfifo.rf/grf.rf/gntv_or_sync_fifo.gl0.rd/grss.rsts/ram_empty_i> in Unit <mod5/FFU/FIM> is equivalent to the following FF/Latch : <U0/xst_fifo_generator/gconvfifo.rf/grf.rf/gntv_or_sync_fifo.gl0.rd/grss.rsts/ram_empty_fb_i> 
INFO:Xst:2260 - The FF/Latch <U0/xst_fifo_generator/gconvfifo.rf/grf.rf/rstblk/ngwrdrst.grst.rd_rst_reg_2> in Unit <mod5/FFU/FIM> is equivalent to the following FF/Latch : <U0/xst_fifo_generator/gconvfifo.rf/grf.rf/rstblk/ngwrdrst.grst.rd_rst_reg_0> 
INFO:Xst:2260 - The FF/Latch <U0/xst_fifo_generator/gconvfifo.rf/grf.rf/gntv_or_sync_fifo.gl0.wr/gwss.wsts/ram_full_i> in Unit <mod5/FFU/FIM> is equivalent to the following FF/Latch : <U0/xst_fifo_generator/gconvfifo.rf/grf.rf/gntv_or_sync_fifo.gl0.wr/gwss.wsts/ram_full_fb_i> 
INFO:Xst:2260 - The FF/Latch <U0/xst_fifo_generator/gconvfifo.rf/grf.rf/rstblk/ngwrdrst.grst.wr_rst_reg_1> in Unit <mod4/FFU/FRE> is equivalent to the following FF/Latch : <U0/xst_fifo_generator/gconvfifo.rf/grf.rf/rstblk/ngwrdrst.grst.wr_rst_reg_0> 
INFO:Xst:2260 - The FF/Latch <U0/xst_fifo_generator/gconvfifo.rf/grf.rf/gntv_or_sync_fifo.gl0.rd/grss.rsts/ram_empty_i> in Unit <mod4/FFU/FRE> is equivalent to the following FF/Latch : <U0/xst_fifo_generator/gconvfifo.rf/grf.rf/gntv_or_sync_fifo.gl0.rd/grss.rsts/ram_empty_fb_i> 
INFO:Xst:2260 - The FF/Latch <U0/xst_fifo_generator/gconvfifo.rf/grf.rf/rstblk/ngwrdrst.grst.rd_rst_reg_2> in Unit <mod4/FFU/FRE> is equivalent to the following FF/Latch : <U0/xst_fifo_generator/gconvfifo.rf/grf.rf/rstblk/ngwrdrst.grst.rd_rst_reg_0> 
INFO:Xst:2260 - The FF/Latch <U0/xst_fifo_generator/gconvfifo.rf/grf.rf/gntv_or_sync_fifo.gl0.wr/gwss.wsts/ram_full_i> in Unit <mod4/FFU/FRE> is equivalent to the following FF/Latch : <U0/xst_fifo_generator/gconvfifo.rf/grf.rf/gntv_or_sync_fifo.gl0.wr/gwss.wsts/ram_full_fb_i> 
INFO:Xst:2260 - The FF/Latch <U0/xst_fifo_generator/gconvfifo.rf/grf.rf/rstblk/ngwrdrst.grst.wr_rst_reg_1> in Unit <mod4/FFU/FIM> is equivalent to the following FF/Latch : <U0/xst_fifo_generator/gconvfifo.rf/grf.rf/rstblk/ngwrdrst.grst.wr_rst_reg_0> 
INFO:Xst:2260 - The FF/Latch <U0/xst_fifo_generator/gconvfifo.rf/grf.rf/gntv_or_sync_fifo.gl0.rd/grss.rsts/ram_empty_i> in Unit <mod4/FFU/FIM> is equivalent to the following FF/Latch : <U0/xst_fifo_generator/gconvfifo.rf/grf.rf/gntv_or_sync_fifo.gl0.rd/grss.rsts/ram_empty_fb_i> 
INFO:Xst:2260 - The FF/Latch <U0/xst_fifo_generator/gconvfifo.rf/grf.rf/rstblk/ngwrdrst.grst.rd_rst_reg_2> in Unit <mod4/FFU/FIM> is equivalent to the following FF/Latch : <U0/xst_fifo_generator/gconvfifo.rf/grf.rf/rstblk/ngwrdrst.grst.rd_rst_reg_0> 
INFO:Xst:2260 - The FF/Latch <U0/xst_fifo_generator/gconvfifo.rf/grf.rf/gntv_or_sync_fifo.gl0.wr/gwss.wsts/ram_full_i> in Unit <mod4/FFU/FIM> is equivalent to the following FF/Latch : <U0/xst_fifo_generator/gconvfifo.rf/grf.rf/gntv_or_sync_fifo.gl0.wr/gwss.wsts/ram_full_fb_i> 
INFO:Xst:2260 - The FF/Latch <U0/xst_fifo_generator/gconvfifo.rf/grf.rf/rstblk/ngwrdrst.grst.wr_rst_reg_1> in Unit <mod3/FFU/FRE> is equivalent to the following FF/Latch : <U0/xst_fifo_generator/gconvfifo.rf/grf.rf/rstblk/ngwrdrst.grst.wr_rst_reg_0> 
INFO:Xst:2260 - The FF/Latch <U0/xst_fifo_generator/gconvfifo.rf/grf.rf/gntv_or_sync_fifo.gl0.rd/grss.rsts/ram_empty_i> in Unit <mod3/FFU/FRE> is equivalent to the following FF/Latch : <U0/xst_fifo_generator/gconvfifo.rf/grf.rf/gntv_or_sync_fifo.gl0.rd/grss.rsts/ram_empty_fb_i> 
INFO:Xst:2260 - The FF/Latch <U0/xst_fifo_generator/gconvfifo.rf/grf.rf/rstblk/ngwrdrst.grst.rd_rst_reg_2> in Unit <mod3/FFU/FRE> is equivalent to the following FF/Latch : <U0/xst_fifo_generator/gconvfifo.rf/grf.rf/rstblk/ngwrdrst.grst.rd_rst_reg_0> 
INFO:Xst:2260 - The FF/Latch <U0/xst_fifo_generator/gconvfifo.rf/grf.rf/gntv_or_sync_fifo.gl0.wr/gwss.wsts/ram_full_i> in Unit <mod3/FFU/FRE> is equivalent to the following FF/Latch : <U0/xst_fifo_generator/gconvfifo.rf/grf.rf/gntv_or_sync_fifo.gl0.wr/gwss.wsts/ram_full_fb_i> 
INFO:Xst:2260 - The FF/Latch <U0/xst_fifo_generator/gconvfifo.rf/grf.rf/rstblk/ngwrdrst.grst.wr_rst_reg_1> in Unit <mod3/FFU/FIM> is equivalent to the following FF/Latch : <U0/xst_fifo_generator/gconvfifo.rf/grf.rf/rstblk/ngwrdrst.grst.wr_rst_reg_0> 
INFO:Xst:2260 - The FF/Latch <U0/xst_fifo_generator/gconvfifo.rf/grf.rf/gntv_or_sync_fifo.gl0.rd/grss.rsts/ram_empty_i> in Unit <mod3/FFU/FIM> is equivalent to the following FF/Latch : <U0/xst_fifo_generator/gconvfifo.rf/grf.rf/gntv_or_sync_fifo.gl0.rd/grss.rsts/ram_empty_fb_i> 
INFO:Xst:2260 - The FF/Latch <U0/xst_fifo_generator/gconvfifo.rf/grf.rf/rstblk/ngwrdrst.grst.rd_rst_reg_2> in Unit <mod3/FFU/FIM> is equivalent to the following FF/Latch : <U0/xst_fifo_generator/gconvfifo.rf/grf.rf/rstblk/ngwrdrst.grst.rd_rst_reg_0> 
INFO:Xst:2260 - The FF/Latch <U0/xst_fifo_generator/gconvfifo.rf/grf.rf/gntv_or_sync_fifo.gl0.wr/gwss.wsts/ram_full_i> in Unit <mod3/FFU/FIM> is equivalent to the following FF/Latch : <U0/xst_fifo_generator/gconvfifo.rf/grf.rf/gntv_or_sync_fifo.gl0.wr/gwss.wsts/ram_full_fb_i> 
INFO:Xst:2260 - The FF/Latch <U0/xst_fifo_generator/gconvfifo.rf/grf.rf/rstblk/ngwrdrst.grst.wr_rst_reg_1> in Unit <mod2/FFU/FRE> is equivalent to the following FF/Latch : <U0/xst_fifo_generator/gconvfifo.rf/grf.rf/rstblk/ngwrdrst.grst.wr_rst_reg_0> 
INFO:Xst:2260 - The FF/Latch <U0/xst_fifo_generator/gconvfifo.rf/grf.rf/gntv_or_sync_fifo.gl0.rd/grss.rsts/ram_empty_i> in Unit <mod2/FFU/FRE> is equivalent to the following FF/Latch : <U0/xst_fifo_generator/gconvfifo.rf/grf.rf/gntv_or_sync_fifo.gl0.rd/grss.rsts/ram_empty_fb_i> 
INFO:Xst:2260 - The FF/Latch <U0/xst_fifo_generator/gconvfifo.rf/grf.rf/rstblk/ngwrdrst.grst.rd_rst_reg_2> in Unit <mod2/FFU/FRE> is equivalent to the following FF/Latch : <U0/xst_fifo_generator/gconvfifo.rf/grf.rf/rstblk/ngwrdrst.grst.rd_rst_reg_0> 
INFO:Xst:2260 - The FF/Latch <U0/xst_fifo_generator/gconvfifo.rf/grf.rf/gntv_or_sync_fifo.gl0.wr/gwss.wsts/ram_full_i> in Unit <mod2/FFU/FRE> is equivalent to the following FF/Latch : <U0/xst_fifo_generator/gconvfifo.rf/grf.rf/gntv_or_sync_fifo.gl0.wr/gwss.wsts/ram_full_fb_i> 
INFO:Xst:2260 - The FF/Latch <U0/xst_fifo_generator/gconvfifo.rf/grf.rf/rstblk/ngwrdrst.grst.wr_rst_reg_1> in Unit <mod2/FFU/FIM> is equivalent to the following FF/Latch : <U0/xst_fifo_generator/gconvfifo.rf/grf.rf/rstblk/ngwrdrst.grst.wr_rst_reg_0> 
INFO:Xst:2260 - The FF/Latch <U0/xst_fifo_generator/gconvfifo.rf/grf.rf/gntv_or_sync_fifo.gl0.rd/grss.rsts/ram_empty_i> in Unit <mod2/FFU/FIM> is equivalent to the following FF/Latch : <U0/xst_fifo_generator/gconvfifo.rf/grf.rf/gntv_or_sync_fifo.gl0.rd/grss.rsts/ram_empty_fb_i> 
INFO:Xst:2260 - The FF/Latch <U0/xst_fifo_generator/gconvfifo.rf/grf.rf/rstblk/ngwrdrst.grst.rd_rst_reg_2> in Unit <mod2/FFU/FIM> is equivalent to the following FF/Latch : <U0/xst_fifo_generator/gconvfifo.rf/grf.rf/rstblk/ngwrdrst.grst.rd_rst_reg_0> 
INFO:Xst:2260 - The FF/Latch <U0/xst_fifo_generator/gconvfifo.rf/grf.rf/gntv_or_sync_fifo.gl0.wr/gwss.wsts/ram_full_i> in Unit <mod2/FFU/FIM> is equivalent to the following FF/Latch : <U0/xst_fifo_generator/gconvfifo.rf/grf.rf/gntv_or_sync_fifo.gl0.wr/gwss.wsts/ram_full_fb_i> 
INFO:Xst:2260 - The FF/Latch <U0/xst_fifo_generator/gconvfifo.rf/grf.rf/rstblk/ngwrdrst.grst.wr_rst_reg_1> in Unit <mod1/FFU/FRE> is equivalent to the following FF/Latch : <U0/xst_fifo_generator/gconvfifo.rf/grf.rf/rstblk/ngwrdrst.grst.wr_rst_reg_0> 
INFO:Xst:2260 - The FF/Latch <U0/xst_fifo_generator/gconvfifo.rf/grf.rf/gntv_or_sync_fifo.gl0.rd/grss.rsts/ram_empty_i> in Unit <mod1/FFU/FRE> is equivalent to the following FF/Latch : <U0/xst_fifo_generator/gconvfifo.rf/grf.rf/gntv_or_sync_fifo.gl0.rd/grss.rsts/ram_empty_fb_i> 
INFO:Xst:2260 - The FF/Latch <U0/xst_fifo_generator/gconvfifo.rf/grf.rf/rstblk/ngwrdrst.grst.rd_rst_reg_2> in Unit <mod1/FFU/FRE> is equivalent to the following FF/Latch : <U0/xst_fifo_generator/gconvfifo.rf/grf.rf/rstblk/ngwrdrst.grst.rd_rst_reg_0> 
INFO:Xst:2260 - The FF/Latch <U0/xst_fifo_generator/gconvfifo.rf/grf.rf/gntv_or_sync_fifo.gl0.wr/gwss.wsts/ram_full_i> in Unit <mod1/FFU/FRE> is equivalent to the following FF/Latch : <U0/xst_fifo_generator/gconvfifo.rf/grf.rf/gntv_or_sync_fifo.gl0.wr/gwss.wsts/ram_full_fb_i> 
INFO:Xst:2260 - The FF/Latch <U0/xst_fifo_generator/gconvfifo.rf/grf.rf/rstblk/ngwrdrst.grst.wr_rst_reg_1> in Unit <mod1/FFU/FIM> is equivalent to the following FF/Latch : <U0/xst_fifo_generator/gconvfifo.rf/grf.rf/rstblk/ngwrdrst.grst.wr_rst_reg_0> 
INFO:Xst:2260 - The FF/Latch <U0/xst_fifo_generator/gconvfifo.rf/grf.rf/gntv_or_sync_fifo.gl0.rd/grss.rsts/ram_empty_i> in Unit <mod1/FFU/FIM> is equivalent to the following FF/Latch : <U0/xst_fifo_generator/gconvfifo.rf/grf.rf/gntv_or_sync_fifo.gl0.rd/grss.rsts/ram_empty_fb_i> 
INFO:Xst:2260 - The FF/Latch <U0/xst_fifo_generator/gconvfifo.rf/grf.rf/rstblk/ngwrdrst.grst.rd_rst_reg_2> in Unit <mod1/FFU/FIM> is equivalent to the following FF/Latch : <U0/xst_fifo_generator/gconvfifo.rf/grf.rf/rstblk/ngwrdrst.grst.rd_rst_reg_0> 
INFO:Xst:2260 - The FF/Latch <U0/xst_fifo_generator/gconvfifo.rf/grf.rf/gntv_or_sync_fifo.gl0.wr/gwss.wsts/ram_full_i> in Unit <mod1/FFU/FIM> is equivalent to the following FF/Latch : <U0/xst_fifo_generator/gconvfifo.rf/grf.rf/gntv_or_sync_fifo.gl0.wr/gwss.wsts/ram_full_fb_i> 
INFO:Xst:2260 - The FF/Latch <U0/xst_fifo_generator/gconvfifo.rf/grf.rf/rstblk/ngwrdrst.grst.wr_rst_reg_1> in Unit <mod0/FFU/FRE> is equivalent to the following FF/Latch : <U0/xst_fifo_generator/gconvfifo.rf/grf.rf/rstblk/ngwrdrst.grst.wr_rst_reg_0> 
INFO:Xst:2260 - The FF/Latch <U0/xst_fifo_generator/gconvfifo.rf/grf.rf/gntv_or_sync_fifo.gl0.rd/grss.rsts/ram_empty_i> in Unit <mod0/FFU/FRE> is equivalent to the following FF/Latch : <U0/xst_fifo_generator/gconvfifo.rf/grf.rf/gntv_or_sync_fifo.gl0.rd/grss.rsts/ram_empty_fb_i> 
INFO:Xst:2260 - The FF/Latch <U0/xst_fifo_generator/gconvfifo.rf/grf.rf/rstblk/ngwrdrst.grst.rd_rst_reg_2> in Unit <mod0/FFU/FRE> is equivalent to the following FF/Latch : <U0/xst_fifo_generator/gconvfifo.rf/grf.rf/rstblk/ngwrdrst.grst.rd_rst_reg_0> 
INFO:Xst:2260 - The FF/Latch <U0/xst_fifo_generator/gconvfifo.rf/grf.rf/gntv_or_sync_fifo.gl0.wr/gwss.wsts/ram_full_i> in Unit <mod0/FFU/FRE> is equivalent to the following FF/Latch : <U0/xst_fifo_generator/gconvfifo.rf/grf.rf/gntv_or_sync_fifo.gl0.wr/gwss.wsts/ram_full_fb_i> 
INFO:Xst:2260 - The FF/Latch <U0/xst_fifo_generator/gconvfifo.rf/grf.rf/rstblk/ngwrdrst.grst.wr_rst_reg_1> in Unit <mod0/FFU/FIM> is equivalent to the following FF/Latch : <U0/xst_fifo_generator/gconvfifo.rf/grf.rf/rstblk/ngwrdrst.grst.wr_rst_reg_0> 
INFO:Xst:2260 - The FF/Latch <U0/xst_fifo_generator/gconvfifo.rf/grf.rf/gntv_or_sync_fifo.gl0.rd/grss.rsts/ram_empty_i> in Unit <mod0/FFU/FIM> is equivalent to the following FF/Latch : <U0/xst_fifo_generator/gconvfifo.rf/grf.rf/gntv_or_sync_fifo.gl0.rd/grss.rsts/ram_empty_fb_i> 
INFO:Xst:2260 - The FF/Latch <U0/xst_fifo_generator/gconvfifo.rf/grf.rf/rstblk/ngwrdrst.grst.rd_rst_reg_2> in Unit <mod0/FFU/FIM> is equivalent to the following FF/Latch : <U0/xst_fifo_generator/gconvfifo.rf/grf.rf/rstblk/ngwrdrst.grst.rd_rst_reg_0> 
INFO:Xst:2260 - The FF/Latch <U0/xst_fifo_generator/gconvfifo.rf/grf.rf/gntv_or_sync_fifo.gl0.wr/gwss.wsts/ram_full_i> in Unit <mod0/FFU/FIM> is equivalent to the following FF/Latch : <U0/xst_fifo_generator/gconvfifo.rf/grf.rf/gntv_or_sync_fifo.gl0.wr/gwss.wsts/ram_full_fb_i> 
FlipFlop mod0/cnt_bf_8 has been replicated 2 time(s)
FlipFlop mod1/cnt_bf_7 has been replicated 2 time(s)
FlipFlop mod2/cnt_bf_6 has been replicated 2 time(s)
FlipFlop mod3/cnt_bf_5 has been replicated 2 time(s)
FlipFlop mod4/cnt_bf_4 has been replicated 2 time(s)
FlipFlop mod5/cnt_bf_3 has been replicated 2 time(s)
FlipFlop mod6/cnt_bf_2 has been replicated 2 time(s)
FlipFlop mod7/cnt_bf_1 has been replicated 2 time(s)

Final Macro Processing ...

=========================================================================
Final Register Report

Macro Statistics
# Registers                                            : 561
 Flip-Flops                                            : 561

=========================================================================

=========================================================================
*                           Partition Report                            *
=========================================================================

Partition Implementation Status
-------------------------------

  No Partitions were found in this design.

-------------------------------

=========================================================================
*                            Design Summary                             *
=========================================================================

Top Level Output File Name         : corefft.ngc

Primitive and Black Box Usage:
------------------------------
# BELS                             : 31627
#      GND                         : 83
#      INV                         : 42
#      LUT2                        : 5455
#      LUT3                        : 1628
#      LUT4                        : 3412
#      LUT5                        : 55
#      LUT6                        : 124
#      MULT_AND                    : 3456
#      MUXCY                       : 8589
#      VCC                         : 67
#      XORCY                       : 8716
# FlipFlops/Latches                : 1329
#      FD                          : 64
#      FDC                         : 583
#      FDCE                        : 538
#      FDP                         : 128
#      FDPE                        : 16
# RAMS                             : 34
#      RAMB8BWER                   : 34
# Clock Buffers                    : 1
#      BUFGP                       : 1
# IO Buffers                       : 76
#      IBUF                        : 34
#      OBUF                        : 42

Device utilization summary:
---------------------------

Selected Device : 6slx9ftg256-2 


Slice Logic Utilization: 
 Number of Slice Registers:            1329  out of  11440    11%  
 Number of Slice LUTs:                10716  out of   5720   187% (*) 
    Number used as Logic:             10716  out of   5720   187% (*) 

Slice Logic Distribution: 
 Number of LUT Flip Flop pairs used:  11247
   Number with an unused Flip Flop:    9918  out of  11247    88%  
   Number with an unused LUT:           531  out of  11247     4%  
   Number of fully used LUT-FF pairs:   798  out of  11247     7%  
   Number of unique control sets:       139

IO Utilization: 
 Number of IOs:                          77
 Number of bonded IOBs:                  77  out of    186    41%  

Specific Feature Utilization:
 Number of Block RAM/FIFO:               17  out of     32    53%  
    Number using Block RAM only:         17
 Number of BUFG/BUFGCTRLs:                1  out of     16     6%  

WARNING:Xst:1336 -  (*) More than 100% of Device resources are used

---------------------------
Partition Resource Summary:
---------------------------

  No Partitions were found in this design.

---------------------------


=========================================================================
Timing Report

NOTE: THESE TIMING NUMBERS ARE ONLY A SYNTHESIS ESTIMATE.
      FOR ACCURATE TIMING INFORMATION PLEASE REFER TO THE TRACE REPORT
      GENERATED AFTER PLACE-and-ROUTE.

Clock Information:
------------------
-----------------------------------+---------------------------------------------------------------------------------------------------------------------------------------------+-------+
Clock Signal                       | Clock buffer(FF name)                                                                                                                       | Load  |
-----------------------------------+---------------------------------------------------------------------------------------------------------------------------------------------+-------+
clk                                | BUFGP                                                                                                                                       | 1363  |
mod7/WNGEN/wnrerom/N1              | NONE(mod7/WNGEN/wnrerom/U0/xst_blk_mem_generator/gnativebmg.native_blk_mem_gen/valid.cstr/ramloop[0].ram.r/s6_init.ram/SP.SIMPLE_PRIM9.ram) | 1     |
mod6/WNGEN/wnrerom/N1              | NONE(mod6/WNGEN/wnrerom/U0/xst_blk_mem_generator/gnativebmg.native_blk_mem_gen/valid.cstr/ramloop[0].ram.r/s6_init.ram/SP.SIMPLE_PRIM9.ram) | 1     |
mod5/WNGEN/wnrerom/N1              | NONE(mod5/WNGEN/wnrerom/U0/xst_blk_mem_generator/gnativebmg.native_blk_mem_gen/valid.cstr/ramloop[0].ram.r/s6_init.ram/SP.SIMPLE_PRIM9.ram) | 1     |
mod4/WNGEN/wnrerom/N1              | NONE(mod4/WNGEN/wnrerom/U0/xst_blk_mem_generator/gnativebmg.native_blk_mem_gen/valid.cstr/ramloop[0].ram.r/s6_init.ram/SP.SIMPLE_PRIM9.ram) | 1     |
mod3/WNGEN/wnrerom/N1              | NONE(mod3/WNGEN/wnrerom/U0/xst_blk_mem_generator/gnativebmg.native_blk_mem_gen/valid.cstr/ramloop[0].ram.r/s6_init.ram/SP.SIMPLE_PRIM9.ram) | 1     |
mod2/WNGEN/wnrerom/N1              | NONE(mod2/WNGEN/wnrerom/U0/xst_blk_mem_generator/gnativebmg.native_blk_mem_gen/valid.cstr/ramloop[0].ram.r/s6_init.ram/SP.SIMPLE_PRIM9.ram) | 1     |
mod1/WNGEN/wnrerom/N1              | NONE(mod1/WNGEN/wnrerom/U0/xst_blk_mem_generator/gnativebmg.native_blk_mem_gen/valid.cstr/ramloop[0].ram.r/s6_init.ram/SP.SIMPLE_PRIM9.ram) | 1     |
mod0/WNGEN/wnrerom/N1              | NONE(mod0/WNGEN/wnrerom/U0/xst_blk_mem_generator/gnativebmg.native_blk_mem_gen/valid.cstr/ramloop[0].ram.r/s6_init.ram/SP.SIMPLE_PRIM9.ram) | 1     |
mod7/WNGEN/wnimrom/N1              | NONE(mod7/WNGEN/wnimrom/U0/xst_blk_mem_generator/gnativebmg.native_blk_mem_gen/valid.cstr/ramloop[0].ram.r/s6_init.ram/SP.SIMPLE_PRIM9.ram) | 1     |
mod6/WNGEN/wnimrom/N1              | NONE(mod6/WNGEN/wnimrom/U0/xst_blk_mem_generator/gnativebmg.native_blk_mem_gen/valid.cstr/ramloop[0].ram.r/s6_init.ram/SP.SIMPLE_PRIM9.ram) | 1     |
mod5/WNGEN/wnimrom/N1              | NONE(mod5/WNGEN/wnimrom/U0/xst_blk_mem_generator/gnativebmg.native_blk_mem_gen/valid.cstr/ramloop[0].ram.r/s6_init.ram/SP.SIMPLE_PRIM9.ram) | 1     |
mod4/WNGEN/wnimrom/N1              | NONE(mod4/WNGEN/wnimrom/U0/xst_blk_mem_generator/gnativebmg.native_blk_mem_gen/valid.cstr/ramloop[0].ram.r/s6_init.ram/SP.SIMPLE_PRIM9.ram) | 1     |
mod3/WNGEN/wnimrom/N1              | NONE(mod3/WNGEN/wnimrom/U0/xst_blk_mem_generator/gnativebmg.native_blk_mem_gen/valid.cstr/ramloop[0].ram.r/s6_init.ram/SP.SIMPLE_PRIM9.ram) | 1     |
mod2/WNGEN/wnimrom/N1              | NONE(mod2/WNGEN/wnimrom/U0/xst_blk_mem_generator/gnativebmg.native_blk_mem_gen/valid.cstr/ramloop[0].ram.r/s6_init.ram/SP.SIMPLE_PRIM9.ram) | 1     |
mod1/WNGEN/wnimrom/N1              | NONE(mod1/WNGEN/wnimrom/U0/xst_blk_mem_generator/gnativebmg.native_blk_mem_gen/valid.cstr/ramloop[0].ram.r/s6_init.ram/SP.SIMPLE_PRIM9.ram) | 1     |
mod0/WNGEN/wnimrom/N1              | NONE(mod0/WNGEN/wnimrom/U0/xst_blk_mem_generator/gnativebmg.native_blk_mem_gen/valid.cstr/ramloop[0].ram.r/s6_init.ram/SP.SIMPLE_PRIM9.ram) | 1     |
out_reager/ram_im/N1               | NONE(out_reager/ram_im/U0/xst_blk_mem_generator/gnativebmg.native_blk_mem_gen/valid.cstr/ramloop[0].ram.r/s6_noinit.ram/SP.SIMPLE_PRIM9.ram)| 1     |
out_reager/ram_re/N1               | NONE(out_reager/ram_re/U0/xst_blk_mem_generator/gnativebmg.native_blk_mem_gen/valid.cstr/ramloop[0].ram.r/s6_noinit.ram/SP.SIMPLE_PRIM9.ram)| 1     |
-----------------------------------+---------------------------------------------------------------------------------------------------------------------------------------------+-------+
INFO:Xst:2169 - HDL ADVISOR - Some clock signals were not automatically buffered by XST with BUFG/BUFR resources. Please use the buffer_type constraint in order to insert these buffers to the clock signals to help prevent skew problems.

Asynchronous Control Signals Information:
----------------------------------------
No asynchronous control signals found in this design

Timing Summary:
---------------
Speed Grade: -2

   Minimum period: 15.356ns (Maximum Frequency: 65.122MHz)
   Minimum input arrival time before clock: 6.050ns
   Maximum output required time after clock: 6.941ns
   Maximum combinational path delay: No path found

Timing Details:
---------------
All values displayed in nanoseconds (ns)

=========================================================================
Timing constraint: Default period analysis for Clock 'clk'
  Clock period: 15.356ns (frequency: 65.122MHz)
  Total number of paths / destination ports: 44623117486 / 3208
-------------------------------------------------------------------------
Delay:               15.356ns (Levels of Logic = 47)
  Source:            mod0/FFU/FRE/U0/xst_fifo_generator/gconvfifo.rf/grf.rf/gntv_or_sync_fifo.mem/gbm.gbmg.gbmga.ngecc.bmg/gnativebmg.native_blk_mem_gen/valid.cstr/ramloop[0].ram.r/s6_noinit.ram/SDP.SIMPLE_PRIM9.ram (RAM)
  Destination:       mod0/yout_im_15 (FF)
  Source Clock:      clk rising
  Destination Clock: clk rising

  Data Path: mod0/FFU/FRE/U0/xst_fifo_generator/gconvfifo.rf/grf.rf/gntv_or_sync_fifo.mem/gbm.gbmg.gbmga.ngecc.bmg/gnativebmg.native_blk_mem_gen/valid.cstr/ramloop[0].ram.r/s6_noinit.ram/SDP.SIMPLE_PRIM9.ram to mod0/yout_im_15
                                Gate     Net
    Cell:in->out      fanout   Delay   Delay  Logical Name (Net Name)
    ----------------------------------------  ------------
     RAMB8BWER:CLKBRDCLK->DOBDO0    4   2.100   0.804  ramloop[0].ram.r/s6_noinit.ram/SDP.SIMPLE_PRIM9.ram (DOUTB<0>)
     end scope: 'mod0/FFU/FRE/U0/xst_fifo_generator/gconvfifo.rf/grf.rf/gntv_or_sync_fifo.mem/gbm.gbmg.gbmga.ngecc.bmg/gnativebmg.native_blk_mem_gen/valid.cstr:DOUTB<0>'
     end scope: 'mod0/FFU/FRE:dout<0>'
     LUT2:I1->O           20   0.254   1.394  mod0/Mmux_cmp_in_re17 (mod0/cmp_in_re<0>)
     begin scope: 'mod0/CMP/CM0:s_axis_a_tdata<0>'
     begin scope: 'mod0/CMP/CM0/blk00000001:s_axis_a_tdata<0>'
     SEC:in->out           1   0.250   0.000  sec_inst (sec_net)
     SEC:in->out           1   0.215   0.000  sec_inst (sec_net)
     SEC:in->out           1   0.023   0.000  sec_inst (sec_net)
     SEC:in->out           1   0.023   0.000  sec_inst (sec_net)
     SEC:in->out           1   0.023   0.000  sec_inst (sec_net)
     SEC:in->out           1   0.023   0.000  sec_inst (sec_net)
     SEC:in->out           1   0.023   0.000  sec_inst (sec_net)
     SEC:in->out           1   0.023   0.000  sec_inst (sec_net)
     SEC:in->out           1   0.023   0.000  sec_inst (sec_net)
     SEC:in->out           1   0.023   0.000  sec_inst (sec_net)
     SEC:in->out           1   0.023   0.000  sec_inst (sec_net)
     SEC:in->out           1   0.023   0.000  sec_inst (sec_net)
     SEC:in->out           1   0.023   0.000  sec_inst (sec_net)
     SEC:in->out           1   0.023   0.000  sec_inst (sec_net)
     SEC:in->out           1   0.023   0.000  sec_inst (sec_net)
     SEC:in->out           1   0.023   0.000  sec_inst (sec_net)
     SEC:in->out           0   0.023   0.000  sec_inst (sec_net)
     SEC:in->out          24   0.206   1.608  sec_inst (sec_net)
     SEC:in->out           1   0.235   0.000  sec_inst (sec_net)
     SEC:in->out           0   0.215   0.000  sec_inst (sec_net)
     SEC:in->out           3   0.206   0.874  sec_inst (sec_net)
     SEC:in->out           1   0.250   0.000  sec_inst (sec_net)
     SEC:in->out           1   0.215   0.000  sec_inst (sec_net)
     SEC:in->out           0   0.023   0.000  sec_inst (sec_net)
     SEC:in->out           6   0.206   0.984  sec_inst (sec_net)
     SEC:in->out           1   0.250   0.000  sec_inst (sec_net)
     SEC:in->out           1   0.215   0.000  sec_inst (sec_net)
     SEC:in->out           1   0.023   0.000  sec_inst (sec_net)
     SEC:in->out           1   0.023   0.000  sec_inst (sec_net)
     SEC:in->out           1   0.023   0.000  sec_inst (sec_net)
     SEC:in->out           0   0.023   0.000  sec_inst (sec_net)
     SEC:in->out           8   0.206   1.052  sec_inst (sec_net)
     SEC:in->out           1   0.250   0.000  sec_inst (sec_net)
     SEC:in->out           1   0.215   0.000  sec_inst (sec_net)
     SEC:in->out           1   0.023   0.000  sec_inst (sec_net)
     SEC:in->out           1   0.023   0.000  sec_inst (sec_net)
     SEC:in->out           1   0.023   0.000  sec_inst (sec_net)
     SEC:in->out           2   0.206   0.726  sec_inst (sec_net)
     SEC:in->out           1   0.254   0.000  sec_inst (sec_net)
     SEC:in->out           1   0.215   0.000  sec_inst (sec_net)
     SEC:in->out           1   0.206   0.682  sec_inst (sec_net)
     end scope: 'mod0/CMP/CM0/blk00000001:m_axis_dout_tdata<70>'
     end scope: 'mod0/CMP/CM0:m_axis_dout_tdata<70>'
     LUT3:I2->O            1   0.254   0.000  mod0/Mmux_bf_y0_im[15]_cmp_out_im[15]_mux_17_OUT71 (mod0/bf_y0_im[15]_cmp_out_im[15]_mux_17_OUT<15>)
     FDC:D                     0.074          mod0/yout_im_15
    ----------------------------------------
    Total                     15.356ns (7.232ns logic, 8.124ns route)
                                       (47.1% logic, 52.9% route)

=========================================================================
Timing constraint: Default OFFSET IN BEFORE for Clock 'clk'
  Total number of paths / destination ports: 626 / 626
-------------------------------------------------------------------------
Offset:              6.050ns (Levels of Logic = 2)
  Source:            areset (PAD)
  Destination:       mod0_in_re_0 (FF)
  Destination Clock: clk rising

  Data Path: areset to mod0_in_re_0
                                Gate     Net
    Cell:in->out      fanout   Delay   Delay  Logical Name (Net Name)
    ----------------------------------------  ------------
     IBUF:I->O            33   1.328   1.536  areset_IBUF (areset_IBUF)
     INV:I->O            561   0.255   2.472  areset_inv1_INV_0 (areset_inv)
     FDC:CLR                   0.459          mod0_in_re_0
    ----------------------------------------
    Total                      6.050ns (2.042ns logic, 4.008ns route)
                                       (33.8% logic, 66.2% route)

=========================================================================
Timing constraint: Default OFFSET OUT AFTER for Clock 'clk'
  Total number of paths / destination ports: 78 / 42
-------------------------------------------------------------------------
Offset:              6.941ns (Levels of Logic = 3)
  Source:            out_reager/reage_cnt_2 (FF)
  Destination:       dout_cnt<8> (PAD)
  Source Clock:      clk rising

  Data Path: out_reager/reage_cnt_2 to dout_cnt<8>
                                Gate     Net
    Cell:in->out      fanout   Delay   Delay  Logical Name (Net Name)
    ----------------------------------------  ------------
     FDC:C->Q              7   0.525   1.340  out_reager/reage_cnt_2 (out_reager/reage_cnt_2)
     LUT6:I1->O            3   0.254   0.994  out_reager/Msub_cnt_ram_out_xor<6>111 (out_reager/Msub_cnt_ram_out_xor<6>11)
     LUT4:I1->O            1   0.235   0.681  out_reager/Msub_cnt_ram_out_xor<8>11 (dout_cnt_8_OBUF)
     OBUF:I->O                 2.912          dout_cnt_8_OBUF (dout_cnt<8>)
    ----------------------------------------
    Total                      6.941ns (3.926ns logic, 3.015ns route)
                                       (56.6% logic, 43.4% route)

=========================================================================

Cross Clock Domains Report:
--------------------------

Clock to Setup on destination clock clk
---------------+---------+---------+---------+---------+
               | Src:Rise| Src:Fall| Src:Rise| Src:Fall|
Source Clock   |Dest:Rise|Dest:Rise|Dest:Fall|Dest:Fall|
---------------+---------+---------+---------+---------+
clk            |   15.356|         |         |         |
---------------+---------+---------+---------+---------+

=========================================================================


Total REAL time to Xst completion: 9.00 secs
Total CPU time to Xst completion: 8.96 secs
 
--> 

Total memory usage is 281732 kilobytes

Number of errors   :    0 (   0 filtered)
Number of warnings :   23 (   0 filtered)
Number of infos    :  162 (   0 filtered)

