=========================================================================
*                            Design Summary                             *
=========================================================================

Top Level Output File Name         : corefft.ngc

Primitive and Black Box Usage:
------------------------------
# BELS                             : 31627
#      GND                         : 83
#      INV                         : 42
#      LUT2                        : 5455
#      LUT3                        : 1628
#      LUT4                        : 3412
#      LUT5                        : 55
#      LUT6                        : 124
#      MULT_AND                    : 3456
#      MUXCY                       : 8589
#      VCC                         : 67
#      XORCY                       : 8716
# FlipFlops/Latches                : 1329
#      FD                          : 64
#      FDC                         : 583
#      FDCE                        : 538
#      FDP                         : 128
#      FDPE                        : 16
# RAMS                             : 34
#      RAMB8BWER                   : 34
# Clock Buffers                    : 1
#      BUFGP                       : 1
# IO Buffers                       : 76
#      IBUF                        : 34
#      OBUF                        : 42

Device utilization summary:
---------------------------

Selected Device : 6slx9ftg256-2 


Slice Logic Utilization: 
 Number of Slice Registers:            1329  out of  11440    11%  
 Number of Slice LUTs:                10716  out of   5720   187% (*) 
    Number used as Logic:             10716  out of   5720   187% (*) 

Slice Logic Distribution: 
 Number of LUT Flip Flop pairs used:  11247
   Number with an unused Flip Flop:    9918  out of  11247    88%  
   Number with an unused LUT:           531  out of  11247     4%  
   Number of fully used LUT-FF pairs:   798  out of  11247     7%  
   Number of unique control sets:       139

IO Utilization: 
 Number of IOs:                          77
 Number of bonded IOBs:                  77  out of    186    41%  

Specific Feature Utilization:
 Number of Block RAM/FIFO:               17  out of     32    53%  
    Number using Block RAM only:         17
 Number of BUFG/BUFGCTRLs:                1  out of     16     6%  

WARNING:Xst:1336 -  (*) More than 100% of Device resources are used

---------------------------
Partition Resource Summary:
---------------------------

  No Partitions were found in this design.

---------------------------